Archive member included to satisfy reference by file (symbol)

/usr/lib/gcc/arm-none-eabi/10.3.1/thumb/v7e-m/nofp/libgcc.a(_aeabi_uldivmod.o)
                              CMakeFiles/FlowerLEDs.elf.dir/Drivers/STM32F4xx_HAL_Driver/Src/stm32f4xx_hal_rcc.c.obj (__aeabi_uldivmod)
/usr/lib/gcc/arm-none-eabi/10.3.1/thumb/v7e-m/nofp/libgcc.a(_udivmoddi4.o)
                              /usr/lib/gcc/arm-none-eabi/10.3.1/thumb/v7e-m/nofp/libgcc.a(_aeabi_uldivmod.o) (__udivmoddi4)
/usr/lib/gcc/arm-none-eabi/10.3.1/thumb/v7e-m/nofp/libgcc.a(_dvmd_tls.o)
                              /usr/lib/gcc/arm-none-eabi/10.3.1/thumb/v7e-m/nofp/libgcc.a(_aeabi_uldivmod.o) (__aeabi_ldiv0)
/usr/lib/gcc/arm-none-eabi/10.3.1/../../../arm-none-eabi/lib/thumb/v7e-m/nofp/libg.a(lib_a-atexit.o)
                              /usr/lib/gcc/arm-none-eabi/10.3.1/../../../arm-none-eabi/lib/thumb/v7e-m/nofp/crt0.o (atexit)
/usr/lib/gcc/arm-none-eabi/10.3.1/../../../arm-none-eabi/lib/thumb/v7e-m/nofp/libg.a(lib_a-errno.o)
                              CMakeFiles/FlowerLEDs.elf.dir/Core/Src/syscalls.c.obj (__errno)
/usr/lib/gcc/arm-none-eabi/10.3.1/../../../arm-none-eabi/lib/thumb/v7e-m/nofp/libg.a(lib_a-exit.o)
                              /usr/lib/gcc/arm-none-eabi/10.3.1/../../../arm-none-eabi/lib/thumb/v7e-m/nofp/crt0.o (exit)
/usr/lib/gcc/arm-none-eabi/10.3.1/../../../arm-none-eabi/lib/thumb/v7e-m/nofp/libg.a(lib_a-fini.o)
                              /usr/lib/gcc/arm-none-eabi/10.3.1/../../../arm-none-eabi/lib/thumb/v7e-m/nofp/crt0.o (__libc_fini_array)
/usr/lib/gcc/arm-none-eabi/10.3.1/../../../arm-none-eabi/lib/thumb/v7e-m/nofp/libg.a(lib_a-impure.o)
                              /usr/lib/gcc/arm-none-eabi/10.3.1/../../../arm-none-eabi/lib/thumb/v7e-m/nofp/libg.a(lib_a-exit.o) (_global_impure_ptr)
/usr/lib/gcc/arm-none-eabi/10.3.1/../../../arm-none-eabi/lib/thumb/v7e-m/nofp/libg.a(lib_a-init.o)
                              /usr/lib/gcc/arm-none-eabi/10.3.1/../../../arm-none-eabi/lib/thumb/v7e-m/nofp/crt0.o (__libc_init_array)
/usr/lib/gcc/arm-none-eabi/10.3.1/../../../arm-none-eabi/lib/thumb/v7e-m/nofp/libg.a(lib_a-memset.o)
                              /usr/lib/gcc/arm-none-eabi/10.3.1/../../../arm-none-eabi/lib/thumb/v7e-m/nofp/crt0.o (memset)
/usr/lib/gcc/arm-none-eabi/10.3.1/../../../arm-none-eabi/lib/thumb/v7e-m/nofp/libg.a(lib_a-printf.o)
                              CMakeFiles/FlowerLEDs.elf.dir/Core/Src/main.c.obj (printf)
/usr/lib/gcc/arm-none-eabi/10.3.1/../../../arm-none-eabi/lib/thumb/v7e-m/nofp/libg.a(lib_a-puts.o)
                              CMakeFiles/FlowerLEDs.elf.dir/Core/Src/main.c.obj (puts)
/usr/lib/gcc/arm-none-eabi/10.3.1/../../../arm-none-eabi/lib/thumb/v7e-m/nofp/libg.a(lib_a-strlen.o)
                              /usr/lib/gcc/arm-none-eabi/10.3.1/../../../arm-none-eabi/lib/thumb/v7e-m/nofp/libg.a(lib_a-puts.o) (strlen)
/usr/lib/gcc/arm-none-eabi/10.3.1/../../../arm-none-eabi/lib/thumb/v7e-m/nofp/libg.a(lib_a-vfprintf.o)
                              /usr/lib/gcc/arm-none-eabi/10.3.1/../../../arm-none-eabi/lib/thumb/v7e-m/nofp/libg.a(lib_a-printf.o) (_vfprintf_r)
/usr/lib/gcc/arm-none-eabi/10.3.1/../../../arm-none-eabi/lib/thumb/v7e-m/nofp/libg.a(lib_a-wsetup.o)
                              /usr/lib/gcc/arm-none-eabi/10.3.1/../../../arm-none-eabi/lib/thumb/v7e-m/nofp/libg.a(lib_a-vfprintf.o) (__swsetup_r)
/usr/lib/gcc/arm-none-eabi/10.3.1/../../../arm-none-eabi/lib/thumb/v7e-m/nofp/libg.a(lib_a-__atexit.o)
                              /usr/lib/gcc/arm-none-eabi/10.3.1/../../../arm-none-eabi/lib/thumb/v7e-m/nofp/libg.a(lib_a-atexit.o) (__register_exitproc)
/usr/lib/gcc/arm-none-eabi/10.3.1/../../../arm-none-eabi/lib/thumb/v7e-m/nofp/libg.a(lib_a-__call_atexit.o)
                              /usr/lib/gcc/arm-none-eabi/10.3.1/../../../arm-none-eabi/lib/thumb/v7e-m/nofp/libg.a(lib_a-exit.o) (__call_exitprocs)
/usr/lib/gcc/arm-none-eabi/10.3.1/../../../arm-none-eabi/lib/thumb/v7e-m/nofp/libg.a(lib_a-dtoa.o)
                              /usr/lib/gcc/arm-none-eabi/10.3.1/../../../arm-none-eabi/lib/thumb/v7e-m/nofp/libg.a(lib_a-vfprintf.o) (_dtoa_r)
/usr/lib/gcc/arm-none-eabi/10.3.1/../../../arm-none-eabi/lib/thumb/v7e-m/nofp/libg.a(lib_a-fflush.o)
                              /usr/lib/gcc/arm-none-eabi/10.3.1/../../../arm-none-eabi/lib/thumb/v7e-m/nofp/libg.a(lib_a-vfprintf.o) (_fflush_r)
/usr/lib/gcc/arm-none-eabi/10.3.1/../../../arm-none-eabi/lib/thumb/v7e-m/nofp/libg.a(lib_a-findfp.o)
                              /usr/lib/gcc/arm-none-eabi/10.3.1/../../../arm-none-eabi/lib/thumb/v7e-m/nofp/libg.a(lib_a-puts.o) (__sinit)
/usr/lib/gcc/arm-none-eabi/10.3.1/../../../arm-none-eabi/lib/thumb/v7e-m/nofp/libg.a(lib_a-freer.o)
                              /usr/lib/gcc/arm-none-eabi/10.3.1/../../../arm-none-eabi/lib/thumb/v7e-m/nofp/libg.a(lib_a-wsetup.o) (_free_r)
/usr/lib/gcc/arm-none-eabi/10.3.1/../../../arm-none-eabi/lib/thumb/v7e-m/nofp/libg.a(lib_a-fvwrite.o)
[...]
Memory Configuration

Name             Origin             Length             Attributes
RAM              0x0000000020000000 0x0000000000010000 xrw
FLASH            0x0000000008000000 0x0000000000040000 xr
*default*        0x0000000000000000 0xffffffffffffffff

Linker script and memory map

LOAD /usr/lib/gcc/arm-none-eabi/10.3.1/thumb/v7e-m/nofp/crti.o
LOAD /usr/lib/gcc/arm-none-eabi/10.3.1/thumb/v7e-m/nofp/crtbegin.o
LOAD /usr/lib/gcc/arm-none-eabi/10.3.1/../../../arm-none-eabi/lib/thumb/v7e-m/nofp/crt0.o
LOAD CMakeFiles/FlowerLEDs.elf.dir/Core/Src/gpio.c.obj
LOAD CMakeFiles/FlowerLEDs.elf.dir/Core/Src/main.c.obj
LOAD CMakeFiles/FlowerLEDs.elf.dir/Core/Src/stm32f4xx_hal_msp.c.obj
LOAD CMakeFiles/FlowerLEDs.elf.dir/Core/Src/stm32f4xx_it.c.obj
LOAD CMakeFiles/FlowerLEDs.elf.dir/Core/Src/syscalls.c.obj
LOAD CMakeFiles/FlowerLEDs.elf.dir/Core/Src/sysmem.c.obj
LOAD CMakeFiles/FlowerLEDs.elf.dir/Core/Src/system_stm32f4xx.c.obj
LOAD CMakeFiles/FlowerLEDs.elf.dir/Core/Src/tim.c.obj
LOAD CMakeFiles/FlowerLEDs.elf.dir/Core/Src/usart.c.obj
LOAD CMakeFiles/FlowerLEDs.elf.dir/Core/Startup/startup_stm32f401ccux.s.obj
LOAD CMakeFiles/FlowerLEDs.elf.dir/Drivers/STM32F4xx_HAL_Driver/Src/stm32f4xx_hal.c.obj
LOAD CMakeFiles/FlowerLEDs.elf.dir/Drivers/STM32F4xx_HAL_Driver/Src/stm32f4xx_hal_cortex.c.obj
LOAD CMakeFiles/FlowerLEDs.elf.dir/Drivers/STM32F4xx_HAL_Driver/Src/stm32f4xx_hal_dma.c.obj
LOAD CMakeFiles/FlowerLEDs.elf.dir/Drivers/STM32F4xx_HAL_Driver/Src/stm32f4xx_hal_dma_ex.c.obj
LOAD CMakeFiles/FlowerLEDs.elf.dir/Drivers/STM32F4xx_HAL_Driver/Src/stm32f4xx_hal_exti.c.obj
LOAD CMakeFiles/FlowerLEDs.elf.dir/Drivers/STM32F4xx_HAL_Driver/Src/stm32f4xx_hal_flash.c.obj
LOAD CMakeFiles/FlowerLEDs.elf.dir/Drivers/STM32F4xx_HAL_Driver/Src/stm32f4xx_hal_flash_ex.c.obj
LOAD CMakeFiles/FlowerLEDs.elf.dir/Drivers/STM32F4xx_HAL_Driver/Src/stm32f4xx_hal_flash_ramfunc.c.obj
LOAD CMakeFiles/FlowerLEDs.elf.dir/Drivers/STM32F4xx_HAL_Driver/Src/stm32f4xx_hal_gpio.c.obj
LOAD CMakeFiles/FlowerLEDs.elf.dir/Drivers/STM32F4xx_HAL_Driver/Src/stm32f4xx_hal_pwr.c.obj
LOAD CMakeFiles/FlowerLEDs.elf.dir/Drivers/STM32F4xx_HAL_Driver/Src/stm32f4xx_hal_pwr_ex.c.obj
LOAD CMakeFiles/FlowerLEDs.elf.dir/Drivers/STM32F4xx_HAL_Driver/Src/stm32f4xx_hal_rcc.c.obj
LOAD CMakeFiles/FlowerLEDs.elf.dir/Drivers/STM32F4xx_HAL_Driver/Src/stm32f4xx_hal_rcc_ex.c.obj
LOAD CMakeFiles/FlowerLEDs.elf.dir/Drivers/STM32F4xx_HAL_Driver/Src/stm32f4xx_hal_tim.c.obj
LOAD CMakeFiles/FlowerLEDs.elf.dir/Drivers/STM32F4xx_HAL_Driver/Src/stm32f4xx_hal_tim_ex.c.obj
LOAD CMakeFiles/FlowerLEDs.elf.dir/Drivers/STM32F4xx_HAL_Driver/Src/stm32f4xx_hal_uart.c.obj
START GROUP
LOAD /usr/lib/gcc/arm-none-eabi/10.3.1/thumb/v7e-m/nofp/libgcc.a
LOAD /usr/lib/gcc/arm-none-eabi/10.3.1/../../../arm-none-eabi/lib/thumb/v7e-m/nofp/libg.a
LOAD /usr/lib/gcc/arm-none-eabi/10.3.1/../../../arm-none-eabi/lib/thumb/v7e-m/nofp/libc.a
END GROUP
LOAD /usr/lib/gcc/arm-none-eabi/10.3.1/thumb/v7e-m/nofp/crtend.o
LOAD /usr/lib/gcc/arm-none-eabi/10.3.1/thumb/v7e-m/nofp/crtn.o
                0x0000000020010000                _estack = (ORIGIN (RAM) + LENGTH (RAM))
                0x0000000000000200                _Min_Heap_Size = 0x200
                0x0000000000000400                _Min_Stack_Size = 0x400

.isr_vector     0x0000000008000000      0x194
                0x0000000008000000                . = ALIGN (0x4)
 *(.isr_vector)
 .isr_vector    0x0000000008000000      0x194 CMakeFiles/FlowerLEDs.elf.dir/Core/Startup/startup_stm32f401ccux.s.obj
                0x0000000008000000                g_pfnVectors
                0x0000000008000194                . = ALIGN (0x4)

.text           0x00000000080001c0     0x8ea8
                0x00000000080001c0                . = ALIGN (0x4)
 *(.text)
 .text          0x00000000080001c0       0x88 /usr/lib/gcc/arm-none-eabi/10.3.1/thumb/v7e-m/nofp/crtbegin.o
 .text          0x0000000008000248       0x30 /usr/lib/gcc/arm-none-eabi/10.3.1/thumb/v7e-m/nofp/libgcc.a(_aeabi_uldivmod.o)
                0x0000000008000248                __aeabi_uldivmod
 .text          0x0000000008000278      0x2d0 /usr/lib/gcc/arm-none-eabi/10.3.1/thumb/v7e-m/nofp/libgcc.a(_udivmoddi4.o)
                0x0000000008000278                __udivmoddi4
 .text          0x0000000008000548        0x4 /usr/lib/gcc/arm-none-eabi/10.3.1/thumb/v7e-m/nofp/libgcc.a(_dvmd_tls.o)
                0x0000000008000548                __aeabi_ldiv0
                0x0000000008000548                __aeabi_idiv0
 .text          0x000000000800054c        0xc /usr/lib/gcc/arm-none-eabi/10.3.1/../../../arm-none-eabi/lib/thumb/v7e-m/nofp/libg.a(lib_a-atexit.o)
                0x000000000800054c                atexit
 .text          0x0000000008000558        0xc /usr/lib/gcc/arm-none-eabi/10.3.1/../../../arm-none-eabi/lib/thumb/v7e-m/nofp/libg.a(lib_a-errno.o)
                0x0000000008000558                __errno
 .text          0x0000000008000564       0x2c /usr/lib/gcc/arm-none-eabi/10.3.1/../../../arm-none-eabi/lib/thumb/v7e-m/nofp/libg.a(lib_a-fini.o)
                0x0000000008000564                __libc_fini_array
 .text          0x0000000008000590       0x48 /usr/lib/gcc/arm-none-eabi/10.3.1/../../../arm-none-eabi/lib/thumb/v7e-m/nofp/libg.a(lib_a-init.o)
                0x0000000008000590                __libc_init_array
 .text          0x00000000080005d8       0xa4 /usr/lib/gcc/arm-none-eabi/10.3.1/../../../arm-none-eabi/lib/thumb/v7e-m/nofp/libg.a(lib_a-memset.o)
                0x00000000080005d8                memset
 .text          0x000000000800067c       0x48 /usr/lib/gcc/arm-none-eabi/10.3.1/../../../arm-none-eabi/lib/thumb/v7e-m/nofp/libg.a(lib_a-printf.o)
                0x000000000800067c                _printf_r
                0x000000000800069c                printf
 .text          0x00000000080006c4       0x78 /usr/lib/gcc/arm-none-eabi/10.3.1/../../../arm-none-eabi/lib/thumb/v7e-m/nofp/libg.a(lib_a-puts.o)
                0x00000000080006c4                _puts_r
                0x000000000800072c                puts
 *fill*         0x000000000800073c        0x4 
 .text          0x0000000008000740       0xdc /usr/lib/gcc/arm-none-eabi/10.3.1/../../../arm-none-eabi/lib/thumb/v7e-m/nofp/libg.a(lib_a-strlen.o)
                0x0000000008000740                strlen
 .text          0x000000000800081c     0x1524 /usr/lib/gcc/arm-none-eabi/10.3.1/../../../arm-none-eabi/lib/thumb/v7e-m/nofp/libg.a(lib_a-vfprintf.o)
                0x000000000800081c                _vfprintf_r
                0x0000000008001cbc                vfprintf
 .text          0x0000000008001d40       0xd4 /usr/lib/gcc/arm-none-eabi/10.3.1/../../../arm-none-eabi/lib/thumb/v7e-m/nofp/libg.a(lib_a-wsetup.o)
                0x0000000008001d40                __swsetup_r
 .text          0x0000000008001e14       0x68 /usr/lib/gcc/arm-none-eabi/10.3.1/../../../arm-none-eabi/lib/thumb/v7e-m/nofp/libg.a(lib_a-__atexit.o)
                0x0000000008001e14                __register_exitproc
 *fill*         0x0000000008001e7c        0x4 
 .text          0x0000000008001e80      0xfe4 /usr/lib/gcc/arm-none-eabi/10.3.1/../../../arm-none-eabi/lib/thumb/v7e-m/nofp/libg.a(lib_a-dtoa.o)
                0x0000000008001fa4                _dtoa_r
 .text          0x0000000008002e64      0x19c /usr/lib/gcc/arm-none-eabi/10.3.1/../../../arm-none-eabi/lib/thumb/v7e-m/nofp/libg.a(lib_a-fflush.o)
                0x0000000008002e64                __sflush_r
                0x0000000008002f84                _fflush_r
                0x0000000008002fb0                fflush
 .text          0x0000000008003000      0x218 /usr/lib/gcc/arm-none-eabi/10.3.1/../../../arm-none-eabi/lib/thumb/v7e-m/nofp/libg.a(lib_a-findfp.o)
                0x0000000008003004                _cleanup_r
                0x00000000080030ec                __sfmoreglue
                0x000000000800311c                __sfp
                0x00000000080031c4                _cleanup
                0x00000000080031d8                __sinit
                0x00000000080031e0                __sfp_lock_acquire
                0x00000000080031e4                __sfp_lock_release
                0x00000000080031e8                __sinit_lock_acquire
                0x00000000080031ec                __sinit_lock_release
                0x00000000080031f0                __fp_lock_all
                0x0000000008003204                __fp_unlock_all
 .text          0x0000000008003218      0x2ac /usr/lib/gcc/arm-none-eabi/10.3.1/../../../arm-none-eabi/lib/thumb/v7e-m/nofp/libg.a(lib_a-freer.o)
                0x0000000008003218                _malloc_trim_r
                0x00000000080032b8                _free_r
 .text          0x00000000080034c4      0x2e8 /usr/lib/gcc/arm-none-eabi/10.3.1/../../../arm-none-eabi/lib/thumb/v7e-m/nofp/libg.a(lib_a-fvwrite.o)
                0x00000000080034c4                __sfvwrite_r
 .text          0x00000000080037ac       0x88 /usr/lib/gcc/arm-none-eabi/10.3.1/../../../arm-none-eabi/lib/thumb/v7e-m/nofp/libg.a(lib_a-fwalk.o)
                0x00000000080037ac                _fwalk
                0x00000000080037ec                _fwalk_reent
 .text          0x0000000008003834       0x14 /usr/lib/gcc/arm-none-eabi/10.3.1/../../../arm-none-eabi/lib/thumb/v7e-m/nofp/libg.a(lib_a-localeconv.o)
                0x0000000008003834                __localeconv_l
                0x0000000008003838                _localeconv_r
                0x0000000008003840                localeconv
 .text          0x0000000008003848      0x140 /usr/lib/gcc/arm-none-eabi/10.3.1/../../../arm-none-eabi/lib/thumb/v7e-m/nofp/libg.a(lib_a-makebuf.o)
                0x0000000008003848                __smakebuf_r
                0x0000000008003928                __swhatbuf_r
 .text          0x0000000008003988      0x554 /usr/lib/gcc/arm-none-eabi/10.3.1/../../../arm-none-eabi/lib/thumb/v7e-m/nofp/libg.a(lib_a-mallocr.o)
                0x0000000008003988                _malloc_r
 *fill*         0x0000000008003edc        0x4 
 .text          0x0000000008003ee0       0xa0 /usr/lib/gcc/arm-none-eabi/10.3.1/../../../arm-none-eabi/lib/thumb/v7e-m/nofp/libg.a(lib_a-memchr.o)
                0x0000000008003ee0                memchr
 .text          0x0000000008003f80      0x134 /usr/lib/gcc/arm-none-eabi/10.3.1/../../../arm-none-eabi/lib/thumb/v7e-m/nofp/libg.a(lib_a-memcpy.o)
                0x0000000008003f80                memcpy
 .text          0x00000000080040b4       0xf8 /usr/lib/gcc/arm-none-eabi/10.3.1/../../../arm-none-eabi/lib/thumb/v7e-m/nofp/libg.a(lib_a-memmove.o)
                0x00000000080040b4                memmove
 .text          0x00000000080041ac        0x8 /usr/lib/gcc/arm-none-eabi/10.3.1/../../../arm-none-eabi/lib/thumb/v7e-m/nofp/libg.a(lib_a-mlock.o)
                0x00000000080041ac                __malloc_lock
                0x00000000080041b0                __malloc_unlock
 .text          0x00000000080041b4      0xa6c /usr/lib/gcc/arm-none-eabi/10.3.1/../../../arm-none-eabi/lib/thumb/v7e-m/nofp/libg.a(lib_a-mprec.o)
                0x00000000080041b4                _Balloc
                0x0000000008004200                _Bfree
                0x0000000008004214                __multadd
                0x00000000080042b4                __s2b
                0x0000000008004368                __hi0bits
                0x00000000080043a8                __lo0bits
                0x0000000008004404                __i2b
                0x0000000008004460                __multiply
                0x00000000080045bc                __pow5mult
                0x000000000800467c                __lshift
                0x000000000800476c                __mcmp
                0x00000000080047ac                __mdiff
                0x00000000080048f8                __ulp
                0x000000000800493c                __b2d
                0x0000000008004a0c                __d2b
                0x0000000008004ad0                __ratio
                0x0000000008004b2c                _mprec_log10
                0x0000000008004b64                __copybits
                0x0000000008004bc0                __any_on
 .text          0x0000000008004c20      0x3d8 /usr/lib/gcc/arm-none-eabi/10.3.1/../../../arm-none-eabi/lib/thumb/v7e-m/nofp/libg.a(lib_a-reallocr.o)
                0x0000000008004c20                _realloc_r
 .text          0x0000000008004ff8       0x24 /usr/lib/gcc/arm-none-eabi/10.3.1/../../../arm-none-eabi/lib/thumb/v7e-m/nofp/libg.a(lib_a-sbrkr.o)
                0x0000000008004ff8                _sbrk_r
 .text          0x000000000800501c       0x90 /usr/lib/gcc/arm-none-eabi/10.3.1/../../../arm-none-eabi/lib/thumb/v7e-m/nofp/libg.a(lib_a-stdio.o)
                0x000000000800501c                __sread
                0x0000000008005040                __seofread
                0x0000000008005044                __swrite
                0x0000000008005084                __sseek
                0x00000000080050a4                __sclose
 .text          0x00000000080050ac      0xd40 /usr/lib/gcc/arm-none-eabi/10.3.1/../../../arm-none-eabi/lib/thumb/v7e-m/nofp/libg.a(lib_a-vfiprintf.o)
                0x0000000008005124                __sprint_r
                0x0000000008005138                _vfiprintf_r
                0x0000000008005d68                vfiprintf
 .text          0x0000000008005dec       0x2c /usr/lib/gcc/arm-none-eabi/10.3.1/../../../arm-none-eabi/lib/thumb/v7e-m/nofp/libg.a(lib_a-writer.o)
                0x0000000008005dec                _write_r
 .text          0x0000000008005e18       0x4c /usr/lib/gcc/arm-none-eabi/10.3.1/../../../arm-none-eabi/lib/thumb/v7e-m/nofp/libg.a(lib_a-assert.o)
                0x0000000008005e18                __assert_func
                0x0000000008005e58                __assert
 .text          0x0000000008005e64       0x60 /usr/lib/gcc/arm-none-eabi/10.3.1/../../../arm-none-eabi/lib/thumb/v7e-m/nofp/libg.a(lib_a-callocr.o)
                0x0000000008005e64                _calloc_r
 .text          0x0000000008005ec4       0x24 /usr/lib/gcc/arm-none-eabi/10.3.1/../../../arm-none-eabi/lib/thumb/v7e-m/nofp/libg.a(lib_a-closer.o)
                0x0000000008005ec4                _close_r
 .text          0x0000000008005ee8       0xd4 /usr/lib/gcc/arm-none-eabi/10.3.1/../../../arm-none-eabi/lib/thumb/v7e-m/nofp/libg.a(lib_a-fclose.o)
                0x0000000008005f4c                _fclose_r
                0x0000000008005f80                fclose
 .text          0x0000000008005fbc       0x44 /usr/lib/gcc/arm-none-eabi/10.3.1/../../../arm-none-eabi/lib/thumb/v7e-m/nofp/libg.a(lib_a-fiprintf.o)
                0x0000000008005fbc                _fiprintf_r
                0x0000000008005fd8                fiprintf
 .text          0x0000000008006000      0x10c /usr/lib/gcc/arm-none-eabi/10.3.1/../../../arm-none-eabi/lib/thumb/v7e-m/nofp/libg.a(lib_a-fputwc.o)
                0x0000000008006000                __fputwc
                0x00000000080060a8                _fputwc_r
                0x00000000080060cc                fputwc
 .text          0x000000000800610c       0x2c /usr/lib/gcc/arm-none-eabi/10.3.1/../../../arm-none-eabi/lib/thumb/v7e-m/nofp/libg.a(lib_a-fstatr.o)
                0x000000000800610c                _fstat_r
 .text          0x0000000008006138       0x24 /usr/lib/gcc/arm-none-eabi/10.3.1/../../../arm-none-eabi/lib/thumb/v7e-m/nofp/libg.a(lib_a-isattyr.o)
                0x0000000008006138                _isatty_r
 .text          0x000000000800615c       0x8c /usr/lib/gcc/arm-none-eabi/10.3.1/../../../arm-none-eabi/lib/thumb/v7e-m/nofp/libg.a(lib_a-locale.o)
                0x000000000800615c                _setlocale_r
                0x000000000800619c                __locale_mb_cur_max
                0x00000000080061a8                setlocale
 .text          0x00000000080061e8       0x2c /usr/lib/gcc/arm-none-eabi/10.3.1/../../../arm-none-eabi/lib/thumb/v7e-m/nofp/libg.a(lib_a-lseekr.o)
                0x00000000080061e8                _lseek_r
 .text          0x0000000008006214       0x40 /usr/lib/gcc/arm-none-eabi/10.3.1/../../../arm-none-eabi/lib/thumb/v7e-m/nofp/libg.a(lib_a-mbtowc_r.o)
                0x0000000008006214                _mbtowc_r
                0x0000000008006228                __ascii_mbtowc
 .text          0x0000000008006254       0x2c /usr/lib/gcc/arm-none-eabi/10.3.1/../../../arm-none-eabi/lib/thumb/v7e-m/nofp/libg.a(lib_a-readr.o)
                0x0000000008006254                _read_r
 .text          0x0000000008006280      0x2dc /usr/lib/gcc/arm-none-eabi/10.3.1/../../../arm-none-eabi/lib/thumb/v7e-m/nofp/libg.a(lib_a-strcmp.o)
                0x0000000008006288                strcmp
 .text          0x000000000800655c       0xc8 /usr/lib/gcc/arm-none-eabi/10.3.1/../../../arm-none-eabi/lib/thumb/v7e-m/nofp/libg.a(lib_a-wbuf.o)
                0x000000000800655c                __swbuf_r
                0x000000000800660c                __swbuf
 .text          0x0000000008006624       0x8c /usr/lib/gcc/arm-none-eabi/10.3.1/../../../arm-none-eabi/lib/thumb/v7e-m/nofp/libg.a(lib_a-wcrtomb.o)
                0x0000000008006624                _wcrtomb_r
                0x0000000008006660                wcrtomb
 .text          0x00000000080066b0       0x30 /usr/lib/gcc/arm-none-eabi/10.3.1/../../../arm-none-eabi/lib/thumb/v7e-m/nofp/libg.a(lib_a-wctomb_r.o)
                0x00000000080066b0                _wctomb_r
                0x00000000080066c4                __ascii_wctomb
 .text          0x00000000080066e0       0x10 /usr/lib/gcc/arm-none-eabi/10.3.1/../../../arm-none-eabi/lib/thumb/v7e-m/nofp/libg.a(lib_a-abort.o)
                0x00000000080066e0                abort
 .text          0x00000000080066f0      0x288 /usr/lib/gcc/arm-none-eabi/10.3.1/../../../arm-none-eabi/lib/thumb/v7e-m/nofp/libg.a(lib_a-signal.o)
                0x00000000080066f0                _init_signal_r
                0x0000000008006720                _signal_r
                0x000000000800676c                _raise_r
                0x00000000080067c4                __sigtramp_r
                0x0000000008006828                raise
                0x0000000008006884                signal
                0x00000000080068d8                _init_signal
                0x0000000008006910                __sigtramp
 .text          0x0000000008006978       0x30 /usr/lib/gcc/arm-none-eabi/10.3.1/../../../arm-none-eabi/lib/thumb/v7e-m/nofp/libg.a(lib_a-signalr.o)
                0x0000000008006978                _kill_r
                0x00000000080069a4                _getpid_r
 .text          0x00000000080069a8      0x378 /usr/lib/gcc/arm-none-eabi/10.3.1/thumb/v7e-m/nofp/libgcc.a(_arm_addsubdf3.o)
                0x00000000080069a8                __aeabi_drsub
                0x00000000080069b0                __aeabi_dsub
                0x00000000080069b0                __subdf3
                0x00000000080069b4                __adddf3
                0x00000000080069b4                __aeabi_dadd
                0x0000000008006c2c                __aeabi_ui2d
                0x0000000008006c2c                __floatunsidf
                0x0000000008006c4c                __floatsidf
                0x0000000008006c4c                __aeabi_i2d
                0x0000000008006c70                __extendsfdf2
                0x0000000008006c70                __aeabi_f2d
                0x0000000008006cb4                __aeabi_ul2d
                0x0000000008006cb4                __floatundidf
                0x0000000008006cc4                __floatdidf
                0x0000000008006cc4                __aeabi_l2d
 .text          0x0000000008006d20      0x424 /usr/lib/gcc/arm-none-eabi/10.3.1/thumb/v7e-m/nofp/libgcc.a(_arm_muldivdf3.o)
                0x0000000008006d20                __aeabi_dmul
                0x0000000008006d20                __muldf3
                0x0000000008006f74                __aeabi_ddiv
                0x0000000008006f74                __divdf3
 .text          0x0000000008007144      0x110 /usr/lib/gcc/arm-none-eabi/10.3.1/thumb/v7e-m/nofp/libgcc.a(_arm_cmpdf2.o)
                0x0000000008007144                __gtdf2
                0x0000000008007144                __gedf2
                0x000000000800714c                __ltdf2
                0x000000000800714c                __ledf2
                0x0000000008007154                __cmpdf2
                0x0000000008007154                __eqdf2
                0x0000000008007154                __nedf2
                0x00000000080071d0                __aeabi_cdrcmple
                0x00000000080071e0                __aeabi_cdcmple
                0x00000000080071e0                __aeabi_cdcmpeq
                0x00000000080071f0                __aeabi_dcmpeq
                0x0000000008007204                __aeabi_dcmplt
                0x0000000008007218                __aeabi_dcmple
                0x000000000800722c                __aeabi_dcmpge
                0x0000000008007240                __aeabi_dcmpgt
 .text          0x0000000008007254       0x2c /usr/lib/gcc/arm-none-eabi/10.3.1/thumb/v7e-m/nofp/libgcc.a(_arm_unorddf2.o)
                0x0000000008007254                __aeabi_dcmpun
                0x0000000008007254                __unorddf2
 .text          0x0000000008007280       0x50 /usr/lib/gcc/arm-none-eabi/10.3.1/thumb/v7e-m/nofp/libgcc.a(_arm_fixdfsi.o)
                0x0000000008007280                __fixdfsi
                0x0000000008007280                __aeabi_d2iz
 *(.text*)
 .text.MX_GPIO_Init
                0x00000000080072d0       0xe8 CMakeFiles/FlowerLEDs.elf.dir/Core/Src/gpio.c.obj
                0x00000000080072d0                MX_GPIO_Init
 .text.HAL_TIM_PeriodElapsedCallback
                0x00000000080073b8       0xdc CMakeFiles/FlowerLEDs.elf.dir/Core/Src/main.c.obj
                0x00000000080073b8                HAL_TIM_PeriodElapsedCallback
 .text.HAL_GPIO_EXTI_Callback
                0x0000000008007494       0x50 CMakeFiles/FlowerLEDs.elf.dir/Core/Src/main.c.obj
                0x0000000008007494                HAL_GPIO_EXTI_Callback
 .text.Error_Handler
                0x00000000080074e4        0x4 CMakeFiles/FlowerLEDs.elf.dir/Core/Src/main.c.obj
                0x00000000080074e4                Error_Handler
 .text.SystemClock_Config
                0x00000000080074e8       0xa4 CMakeFiles/FlowerLEDs.elf.dir/Core/Src/main.c.obj
                0x00000000080074e8                SystemClock_Config
 .text.main     0x000000000800758c       0x2c CMakeFiles/FlowerLEDs.elf.dir/Core/Src/main.c.obj
                0x000000000800758c                main
 .text.HAL_MspInit
                0x00000000080075b8       0x38 CMakeFiles/FlowerLEDs.elf.dir/Core/Src/stm32f4xx_hal_msp.c.obj
                0x00000000080075b8                HAL_MspInit
 .text.NMI_Handler
                0x00000000080075f0        0x2 CMakeFiles/FlowerLEDs.elf.dir/Core/Src/stm32f4xx_it.c.obj
                0x00000000080075f0                NMI_Handler
 .text.HardFault_Handler
                0x00000000080075f2        0x2 CMakeFiles/FlowerLEDs.elf.dir/Core/Src/stm32f4xx_it.c.obj
                0x00000000080075f2                HardFault_Handler
 .text.MemManage_Handler
                0x00000000080075f4        0x2 CMakeFiles/FlowerLEDs.elf.dir/Core/Src/stm32f4xx_it.c.obj
                0x00000000080075f4                MemManage_Handler
 .text.BusFault_Handler
                0x00000000080075f6        0x2 CMakeFiles/FlowerLEDs.elf.dir/Core/Src/stm32f4xx_it.c.obj
                0x00000000080075f6                BusFault_Handler
 .text.UsageFault_Handler
                0x00000000080075f8        0x2 CMakeFiles/FlowerLEDs.elf.dir/Core/Src/stm32f4xx_it.c.obj
                0x00000000080075f8                UsageFault_Handler
 .text.SVC_Handler
                0x00000000080075fa        0x2 CMakeFiles/FlowerLEDs.elf.dir/Core/Src/stm32f4xx_it.c.obj
                0x00000000080075fa                SVC_Handler
 .text.DebugMon_Handler
                0x00000000080075fc        0x2 CMakeFiles/FlowerLEDs.elf.dir/Core/Src/stm32f4xx_it.c.obj
                0x00000000080075fc                DebugMon_Handler
 .text.PendSV_Handler
                0x00000000080075fe        0x2 CMakeFiles/FlowerLEDs.elf.dir/Core/Src/stm32f4xx_it.c.obj
                0x00000000080075fe                PendSV_Handler
 .text.SysTick_Handler
                0x0000000008007600        0x8 CMakeFiles/FlowerLEDs.elf.dir/Core/Src/stm32f4xx_it.c.obj
                0x0000000008007600                SysTick_Handler
 .text.EXTI0_IRQHandler
                0x0000000008007608        0xa CMakeFiles/FlowerLEDs.elf.dir/Core/Src/stm32f4xx_it.c.obj
                0x0000000008007608                EXTI0_IRQHandler
 .text.EXTI1_IRQHandler
                0x0000000008007612        0xa CMakeFiles/FlowerLEDs.elf.dir/Core/Src/stm32f4xx_it.c.obj
                0x0000000008007612                EXTI1_IRQHandler
 .text.EXTI2_IRQHandler
                0x000000000800761c        0xa CMakeFiles/FlowerLEDs.elf.dir/Core/Src/stm32f4xx_it.c.obj
                0x000000000800761c                EXTI2_IRQHandler
 .text.EXTI3_IRQHandler
                0x0000000008007626        0xa CMakeFiles/FlowerLEDs.elf.dir/Core/Src/stm32f4xx_it.c.obj
                0x0000000008007626                EXTI3_IRQHandler
 .text.EXTI4_IRQHandler
                0x0000000008007630        0xa CMakeFiles/FlowerLEDs.elf.dir/Core/Src/stm32f4xx_it.c.obj
                0x0000000008007630                EXTI4_IRQHandler
 *fill*         0x000000000800763a        0x2 
 .text.TIM1_UP_TIM10_IRQHandler
                0x000000000800763c       0x10 CMakeFiles/FlowerLEDs.elf.dir/Core/Src/stm32f4xx_it.c.obj
                0x000000000800763c                TIM1_UP_TIM10_IRQHandler
 .text.TIM3_IRQHandler
                0x000000000800764c       0x10 CMakeFiles/FlowerLEDs.elf.dir/Core/Src/stm32f4xx_it.c.obj
                0x000000000800764c                TIM3_IRQHandler
 .text._getpid  0x000000000800765c        0x4 CMakeFiles/FlowerLEDs.elf.dir/Core/Src/syscalls.c.obj
                0x000000000800765c                _getpid
 .text._kill    0x0000000008007660       0x10 CMakeFiles/FlowerLEDs.elf.dir/Core/Src/syscalls.c.obj
                0x0000000008007660                _kill
 .text._exit    0x0000000008007670        0xc CMakeFiles/FlowerLEDs.elf.dir/Core/Src/syscalls.c.obj
                0x0000000008007670                _exit
 .text._read    0x000000000800767c       0x20 CMakeFiles/FlowerLEDs.elf.dir/Core/Src/syscalls.c.obj
                0x000000000800767c                _read
 .text._write   0x000000000800769c       0x1c CMakeFiles/FlowerLEDs.elf.dir/Core/Src/syscalls.c.obj
                0x000000000800769c                _write
 .text._close   0x00000000080076b8        0x6 CMakeFiles/FlowerLEDs.elf.dir/Core/Src/syscalls.c.obj
                0x00000000080076b8                _close
 .text._fstat   0x00000000080076be        0xa CMakeFiles/FlowerLEDs.elf.dir/Core/Src/syscalls.c.obj
                0x00000000080076be                _fstat
 .text._isatty  0x00000000080076c8        0x4 CMakeFiles/FlowerLEDs.elf.dir/Core/Src/syscalls.c.obj
                0x00000000080076c8                _isatty
 .text._lseek   0x00000000080076cc        0x4 CMakeFiles/FlowerLEDs.elf.dir/Core/Src/syscalls.c.obj
                0x00000000080076cc                _lseek
 .text._sbrk    0x00000000080076d0       0x48 CMakeFiles/FlowerLEDs.elf.dir/Core/Src/sysmem.c.obj
                0x00000000080076d0                _sbrk
 .text.SystemInit
                0x0000000008007718        0x2 CMakeFiles/FlowerLEDs.elf.dir/Core/Src/system_stm32f4xx.c.obj
                0x0000000008007718                SystemInit
 *fill*         0x000000000800771a        0x2 
 .text.MX_TIM3_Init
                0x000000000800771c       0x70 CMakeFiles/FlowerLEDs.elf.dir/Core/Src/tim.c.obj
                0x000000000800771c                MX_TIM3_Init
 .text.HAL_TIM_Base_MspInit
                0x000000000800778c       0x94 CMakeFiles/FlowerLEDs.elf.dir/Core/Src/tim.c.obj
                0x000000000800778c                HAL_TIM_Base_MspInit
 .text.HAL_TIM_MspPostInit
                0x0000000008007820       0x90 CMakeFiles/FlowerLEDs.elf.dir/Core/Src/tim.c.obj
                0x0000000008007820                HAL_TIM_MspPostInit
 .text.MX_TIM1_Init
                0x00000000080078b0      0x138 CMakeFiles/FlowerLEDs.elf.dir/Core/Src/tim.c.obj
                0x00000000080078b0                MX_TIM1_Init
 .text.MX_TIM2_Init
                0x00000000080079e8       0xb0 CMakeFiles/FlowerLEDs.elf.dir/Core/Src/tim.c.obj
                0x00000000080079e8                MX_TIM2_Init
 .text.MX_USART1_UART_Init
                0x0000000008007a98       0x34 CMakeFiles/FlowerLEDs.elf.dir/Core/Src/usart.c.obj
                0x0000000008007a98                MX_USART1_UART_Init
 .text.HAL_UART_MspInit
                0x0000000008007acc       0x70 CMakeFiles/FlowerLEDs.elf.dir/Core/Src/usart.c.obj
                0x0000000008007acc                HAL_UART_MspInit
 .text.__io_putchar
                0x0000000008007b3c       0x20 CMakeFiles/FlowerLEDs.elf.dir/Core/Src/usart.c.obj
                0x0000000008007b3c                __io_putchar
 .text.Reset_Handler
                0x0000000008007b5c       0x50 CMakeFiles/FlowerLEDs.elf.dir/Core/Startup/startup_stm32f401ccux.s.obj
                0x0000000008007b5c                Reset_Handler
 .text.Default_Handler
                0x0000000008007bac        0x2 CMakeFiles/FlowerLEDs.elf.dir/Core/Startup/startup_stm32f401ccux.s.obj
                0x0000000008007bac                RTC_Alarm_IRQHandler
                0x0000000008007bac                SPI4_IRQHandler
                0x0000000008007bac                TIM1_CC_IRQHandler
                0x0000000008007bac                DMA2_Stream5_IRQHandler
                0x0000000008007bac                DMA1_Stream5_IRQHandler
                0x0000000008007bac                PVD_IRQHandler
                0x0000000008007bac                SDIO_IRQHandler
                0x0000000008007bac                TAMP_STAMP_IRQHandler
                0x0000000008007bac                I2C3_ER_IRQHandler
                0x0000000008007bac                I2C2_EV_IRQHandler
                0x0000000008007bac                DMA1_Stream2_IRQHandler
                0x0000000008007bac                FPU_IRQHandler
                0x0000000008007bac                DMA2_Stream2_IRQHandler
                0x0000000008007bac                SPI1_IRQHandler
                0x0000000008007bac                TIM1_BRK_TIM9_IRQHandler
                0x0000000008007bac                DMA2_Stream3_IRQHandler
                0x0000000008007bac                USART6_IRQHandler
                0x0000000008007bac                DMA2_Stream0_IRQHandler
                0x0000000008007bac                TIM4_IRQHandler
                0x0000000008007bac                I2C1_EV_IRQHandler
                0x0000000008007bac                DMA1_Stream6_IRQHandler
                0x0000000008007bac                DMA1_Stream1_IRQHandler
                0x0000000008007bac                RCC_IRQHandler
                0x0000000008007bac                Default_Handler
                0x0000000008007bac                EXTI15_10_IRQHandler
                0x0000000008007bac                ADC_IRQHandler
                0x0000000008007bac                DMA1_Stream7_IRQHandler
                0x0000000008007bac                TIM5_IRQHandler
                0x0000000008007bac                DMA2_Stream7_IRQHandler
                0x0000000008007bac                I2C3_EV_IRQHandler
                0x0000000008007bac                EXTI9_5_IRQHandler
                0x0000000008007bac                RTC_WKUP_IRQHandler
                0x0000000008007bac                SPI2_IRQHandler
                0x0000000008007bac                DMA1_Stream0_IRQHandler
                0x0000000008007bac                WWDG_IRQHandler
                0x0000000008007bac                TIM2_IRQHandler
                0x0000000008007bac                OTG_FS_WKUP_IRQHandler
                0x0000000008007bac                TIM1_TRG_COM_TIM11_IRQHandler
                0x0000000008007bac                USART2_IRQHandler
                0x0000000008007bac                I2C2_ER_IRQHandler
                0x0000000008007bac                DMA2_Stream1_IRQHandler
                0x0000000008007bac                FLASH_IRQHandler
                0x0000000008007bac                DMA2_Stream4_IRQHandler
                0x0000000008007bac                USART1_IRQHandler
                0x0000000008007bac                OTG_FS_IRQHandler
                0x0000000008007bac                SPI3_IRQHandler
                0x0000000008007bac                DMA1_Stream4_IRQHandler
                0x0000000008007bac                I2C1_ER_IRQHandler
                0x0000000008007bac                DMA2_Stream6_IRQHandler
                0x0000000008007bac                DMA1_Stream3_IRQHandler
 *fill*         0x0000000008007bae        0x2 
 .text.HAL_InitTick
                0x0000000008007bb0       0x4c CMakeFiles/FlowerLEDs.elf.dir/Drivers/STM32F4xx_HAL_Driver/Src/stm32f4xx_hal.c.obj
                0x0000000008007bb0                HAL_InitTick
 .text.HAL_Init
                0x0000000008007bfc       0x34 CMakeFiles/FlowerLEDs.elf.dir/Drivers/STM32F4xx_HAL_Driver/Src/stm32f4xx_hal.c.obj
                0x0000000008007bfc                HAL_Init
 .text.HAL_IncTick
                0x0000000008007c30       0x18 CMakeFiles/FlowerLEDs.elf.dir/Drivers/STM32F4xx_HAL_Driver/Src/stm32f4xx_hal.c.obj
                0x0000000008007c30                HAL_IncTick
 .text.HAL_GetTick
                0x0000000008007c48        0xc CMakeFiles/FlowerLEDs.elf.dir/Drivers/STM32F4xx_HAL_Driver/Src/stm32f4xx_hal.c.obj
                0x0000000008007c48                HAL_GetTick
 .text.HAL_NVIC_SetPriorityGrouping
                0x0000000008007c54       0x24 CMakeFiles/FlowerLEDs.elf.dir/Drivers/STM32F4xx_HAL_Driver/Src/stm32f4xx_hal_cortex.c.obj
                0x0000000008007c54                HAL_NVIC_SetPriorityGrouping
 .text.HAL_NVIC_SetPriority
                0x0000000008007c78       0x70 CMakeFiles/FlowerLEDs.elf.dir/Drivers/STM32F4xx_HAL_Driver/Src/stm32f4xx_hal_cortex.c.obj
                0x0000000008007c78                HAL_NVIC_SetPriority
 .text.HAL_NVIC_EnableIRQ
                0x0000000008007ce8       0x1c CMakeFiles/FlowerLEDs.elf.dir/Drivers/STM32F4xx_HAL_Driver/Src/stm32f4xx_hal_cortex.c.obj
                0x0000000008007ce8                HAL_NVIC_EnableIRQ
 .text.HAL_SYSTICK_Config
                0x0000000008007d04       0x28 CMakeFiles/FlowerLEDs.elf.dir/Drivers/STM32F4xx_HAL_Driver/Src/stm32f4xx_hal_cortex.c.obj
                0x0000000008007d04                HAL_SYSTICK_Config
 .text.HAL_GPIO_Init
                0x0000000008007d2c      0x1c0 CMakeFiles/FlowerLEDs.elf.dir/Drivers/STM32F4xx_HAL_Driver/Src/stm32f4xx_hal_gpio.c.obj
                0x0000000008007d2c                HAL_GPIO_Init
 .text.HAL_GPIO_ReadPin
                0x0000000008007eec        0xe CMakeFiles/FlowerLEDs.elf.dir/Drivers/STM32F4xx_HAL_Driver/Src/stm32f4xx_hal_gpio.c.obj
                0x0000000008007eec                HAL_GPIO_ReadPin
 .text.HAL_GPIO_WritePin
                0x0000000008007efa        0xc CMakeFiles/FlowerLEDs.elf.dir/Drivers/STM32F4xx_HAL_Driver/Src/stm32f4xx_hal_gpio.c.obj
                0x0000000008007efa                HAL_GPIO_WritePin
 *fill*         0x0000000008007f06        0x2 
 .text.HAL_GPIO_EXTI_IRQHandler
                0x0000000008007f08       0x1c CMakeFiles/FlowerLEDs.elf.dir/Drivers/STM32F4xx_HAL_Driver/Src/stm32f4xx_hal_gpio.c.obj
                0x0000000008007f08                HAL_GPIO_EXTI_IRQHandler
 .text.HAL_RCC_OscConfig
                0x0000000008007f24      0x3f8 CMakeFiles/FlowerLEDs.elf.dir/Drivers/STM32F4xx_HAL_Driver/Src/stm32f4xx_hal_rcc.c.obj
                0x0000000008007f24                HAL_RCC_OscConfig
 .text.HAL_RCC_GetSysClockFreq
                0x000000000800831c       0xa4 CMakeFiles/FlowerLEDs.elf.dir/Drivers/STM32F4xx_HAL_Driver/Src/stm32f4xx_hal_rcc.c.obj
                0x000000000800831c                HAL_RCC_GetSysClockFreq
 .text.HAL_RCC_ClockConfig
                0x00000000080083c0      0x160 CMakeFiles/FlowerLEDs.elf.dir/Drivers/STM32F4xx_HAL_Driver/Src/stm32f4xx_hal_rcc.c.obj
                0x00000000080083c0                HAL_RCC_ClockConfig
 .text.HAL_RCC_GetHCLKFreq
                0x0000000008008520        0xc CMakeFiles/FlowerLEDs.elf.dir/Drivers/STM32F4xx_HAL_Driver/Src/stm32f4xx_hal_rcc.c.obj
                0x0000000008008520                HAL_RCC_GetHCLKFreq
 .text.HAL_RCC_GetPCLK1Freq
                0x000000000800852c       0x20 CMakeFiles/FlowerLEDs.elf.dir/Drivers/STM32F4xx_HAL_Driver/Src/stm32f4xx_hal_rcc.c.obj
                0x000000000800852c                HAL_RCC_GetPCLK1Freq
 .text.HAL_RCC_GetPCLK2Freq
                0x000000000800854c       0x20 CMakeFiles/FlowerLEDs.elf.dir/Drivers/STM32F4xx_HAL_Driver/Src/stm32f4xx_hal_rcc.c.obj
                0x000000000800854c                HAL_RCC_GetPCLK2Freq
 .text.TIM_OC1_SetConfig
                0x000000000800856c       0x5c CMakeFiles/FlowerLEDs.elf.dir/Drivers/STM32F4xx_HAL_Driver/Src/stm32f4xx_hal_tim.c.obj
 .text.TIM_OC3_SetConfig
                0x00000000080085c8       0x64 CMakeFiles/FlowerLEDs.elf.dir/Drivers/STM32F4xx_HAL_Driver/Src/stm32f4xx_hal_tim.c.obj
 .text.TIM_OC4_SetConfig
                0x000000000800862c       0x48 CMakeFiles/FlowerLEDs.elf.dir/Drivers/STM32F4xx_HAL_Driver/Src/stm32f4xx_hal_tim.c.obj
 .text.TIM_TI1_ConfigInputStage
                0x0000000008008674       0x24 CMakeFiles/FlowerLEDs.elf.dir/Drivers/STM32F4xx_HAL_Driver/Src/stm32f4xx_hal_tim.c.obj
 .text.TIM_TI2_ConfigInputStage
                0x0000000008008698       0x26 CMakeFiles/FlowerLEDs.elf.dir/Drivers/STM32F4xx_HAL_Driver/Src/stm32f4xx_hal_tim.c.obj
 .text.TIM_ITRx_SetConfig
                0x00000000080086be       0x10 CMakeFiles/FlowerLEDs.elf.dir/Drivers/STM32F4xx_HAL_Driver/Src/stm32f4xx_hal_tim.c.obj
 .text.HAL_TIM_Base_Stop
                0x00000000080086ce       0x28 CMakeFiles/FlowerLEDs.elf.dir/Drivers/STM32F4xx_HAL_Driver/Src/stm32f4xx_hal_tim.c.obj
                0x00000000080086ce                HAL_TIM_Base_Stop
 *fill*         0x00000000080086f6        0x2 
 .text.HAL_TIM_Base_Start_IT
                0x00000000080086f8       0x78 CMakeFiles/FlowerLEDs.elf.dir/Drivers/STM32F4xx_HAL_Driver/Src/stm32f4xx_hal_tim.c.obj
                0x00000000080086f8                HAL_TIM_Base_Start_IT
 .text.HAL_TIM_PWM_MspInit
                0x0000000008008770        0x2 CMakeFiles/FlowerLEDs.elf.dir/Drivers/STM32F4xx_HAL_Driver/Src/stm32f4xx_hal_tim.c.obj
                0x0000000008008770                HAL_TIM_PWM_MspInit
 .text.HAL_TIM_OC_DelayElapsedCallback
                0x0000000008008772        0x2 CMakeFiles/FlowerLEDs.elf.dir/Drivers/STM32F4xx_HAL_Driver/Src/stm32f4xx_hal_tim.c.obj
                0x0000000008008772                HAL_TIM_OC_DelayElapsedCallback
 .text.HAL_TIM_IC_CaptureCallback
                0x0000000008008774        0x2 CMakeFiles/FlowerLEDs.elf.dir/Drivers/STM32F4xx_HAL_Driver/Src/stm32f4xx_hal_tim.c.obj
                0x0000000008008774                HAL_TIM_IC_CaptureCallback
 .text.HAL_TIM_PWM_PulseFinishedCallback
                0x0000000008008776        0x2 CMakeFiles/FlowerLEDs.elf.dir/Drivers/STM32F4xx_HAL_Driver/Src/stm32f4xx_hal_tim.c.obj
                0x0000000008008776                HAL_TIM_PWM_PulseFinishedCallback
 .text.HAL_TIM_TriggerCallback
                0x0000000008008778        0x2 CMakeFiles/FlowerLEDs.elf.dir/Drivers/STM32F4xx_HAL_Driver/Src/stm32f4xx_hal_tim.c.obj
                0x0000000008008778                HAL_TIM_TriggerCallback
 .text.HAL_TIM_IRQHandler
                0x000000000800877a      0x17a CMakeFiles/FlowerLEDs.elf.dir/Drivers/STM32F4xx_HAL_Driver/Src/stm32f4xx_hal_tim.c.obj
                0x000000000800877a                HAL_TIM_IRQHandler
 .text.TIM_Base_SetConfig
                0x00000000080088f4       0x9c CMakeFiles/FlowerLEDs.elf.dir/Drivers/STM32F4xx_HAL_Driver/Src/stm32f4xx_hal_tim.c.obj
                0x00000000080088f4                TIM_Base_SetConfig
 .text.HAL_TIM_Base_Init
                0x0000000008008990       0x58 CMakeFiles/FlowerLEDs.elf.dir/Drivers/STM32F4xx_HAL_Driver/Src/stm32f4xx_hal_tim.c.obj
                0x0000000008008990                HAL_TIM_Base_Init
 .text.HAL_TIM_PWM_Init
                0x00000000080089e8       0x58 CMakeFiles/FlowerLEDs.elf.dir/Drivers/STM32F4xx_HAL_Driver/Src/stm32f4xx_hal_tim.c.obj
                0x00000000080089e8                HAL_TIM_PWM_Init
 .text.TIM_OC2_SetConfig
                0x0000000008008a40       0x64 CMakeFiles/FlowerLEDs.elf.dir/Drivers/STM32F4xx_HAL_Driver/Src/stm32f4xx_hal_tim.c.obj
                0x0000000008008a40                TIM_OC2_SetConfig
 .text.HAL_TIM_PWM_ConfigChannel
                0x0000000008008aa4       0xdc CMakeFiles/FlowerLEDs.elf.dir/Drivers/STM32F4xx_HAL_Driver/Src/stm32f4xx_hal_tim.c.obj
                0x0000000008008aa4                HAL_TIM_PWM_ConfigChannel
 .text.TIM_ETR_SetConfig
                0x0000000008008b80       0x18 CMakeFiles/FlowerLEDs.elf.dir/Drivers/STM32F4xx_HAL_Driver/Src/stm32f4xx_hal_tim.c.obj
                0x0000000008008b80                TIM_ETR_SetConfig
 .text.HAL_TIM_ConfigClockSource
                0x0000000008008b98       0xfe CMakeFiles/FlowerLEDs.elf.dir/Drivers/STM32F4xx_HAL_Driver/Src/stm32f4xx_hal_tim.c.obj
                0x0000000008008b98                HAL_TIM_ConfigClockSource
 *fill*         0x0000000008008c96        0x2 
 .text.HAL_TIMEx_MasterConfigSynchronization
                0x0000000008008c98       0x7c CMakeFiles/FlowerLEDs.elf.dir/Drivers/STM32F4xx_HAL_Driver/Src/stm32f4xx_hal_tim_ex.c.obj
                0x0000000008008c98                HAL_TIMEx_MasterConfigSynchronization
 .text.HAL_TIMEx_ConfigBreakDeadTime
                0x0000000008008d14       0x52 CMakeFiles/FlowerLEDs.elf.dir/Drivers/STM32F4xx_HAL_Driver/Src/stm32f4xx_hal_tim_ex.c.obj
                0x0000000008008d14                HAL_TIMEx_ConfigBreakDeadTime
 .text.HAL_TIMEx_CommutCallback
                0x0000000008008d66        0x2 CMakeFiles/FlowerLEDs.elf.dir/Drivers/STM32F4xx_HAL_Driver/Src/stm32f4xx_hal_tim_ex.c.obj
                0x0000000008008d66                HAL_TIMEx_CommutCallback
 .text.HAL_TIMEx_BreakCallback
                0x0000000008008d68        0x2 CMakeFiles/FlowerLEDs.elf.dir/Drivers/STM32F4xx_HAL_Driver/Src/stm32f4xx_hal_tim_ex.c.obj
                0x0000000008008d68                HAL_TIMEx_BreakCallback
 *fill*         0x0000000008008d6a        0x2 
 .text.UART_SetConfig
                0x0000000008008d6c      0x110 CMakeFiles/FlowerLEDs.elf.dir/Drivers/STM32F4xx_HAL_Driver/Src/stm32f4xx_hal_uart.c.obj
 .text.UART_WaitOnFlagUntilTimeout
                0x0000000008008e7c       0x88 CMakeFiles/FlowerLEDs.elf.dir/Drivers/STM32F4xx_HAL_Driver/Src/stm32f4xx_hal_uart.c.obj
 .text.HAL_UART_Init
                0x0000000008008f04       0x5e CMakeFiles/FlowerLEDs.elf.dir/Drivers/STM32F4xx_HAL_Driver/Src/stm32f4xx_hal_uart.c.obj
                0x0000000008008f04                HAL_UART_Init
 .text.HAL_UART_Transmit
                0x0000000008008f62       0xd8 CMakeFiles/FlowerLEDs.elf.dir/Drivers/STM32F4xx_HAL_Driver/Src/stm32f4xx_hal_uart.c.obj
                0x0000000008008f62                HAL_UART_Transmit
 *fill*         0x000000000800903a        0x2 
 .text.startup  0x000000000800903c       0x14 /usr/lib/gcc/arm-none-eabi/10.3.1/../../../arm-none-eabi/lib/thumb/v7e-m/nofp/libg.a(lib_a-__call_atexit.o)
 *(.glue_7)
 .glue_7        0x0000000008009050        0x0 linker stubs
 *(.glue_7t)
 .glue_7t       0x0000000008009050        0x0 linker stubs
 *(.eh_frame)
 .eh_frame      0x0000000008009050        0x0 /usr/lib/gcc/arm-none-eabi/10.3.1/thumb/v7e-m/nofp/crtbegin.o
 *(.init)
 .init          0x0000000008009050        0x4 /usr/lib/gcc/arm-none-eabi/10.3.1/thumb/v7e-m/nofp/crti.o
                0x0000000008009050                _init
 .init          0x0000000008009054        0x8 /usr/lib/gcc/arm-none-eabi/10.3.1/thumb/v7e-m/nofp/crtn.o
 *(.fini)
 .fini          0x000000000800905c        0x4 /usr/lib/gcc/arm-none-eabi/10.3.1/thumb/v7e-m/nofp/crti.o
                0x000000000800905c                _fini
 .fini          0x0000000008009060        0x8 /usr/lib/gcc/arm-none-eabi/10.3.1/thumb/v7e-m/nofp/crtn.o
                0x0000000008009068                . = ALIGN (0x4)
                0x0000000008009068                _etext = .

.vfp11_veneer   0x0000000008009068        0x0
 .vfp11_veneer  0x0000000008009068        0x0 linker stubs

.v4_bx          0x0000000008009068        0x0
 .v4_bx         0x0000000008009068        0x0 linker stubs

.iplt           0x0000000008009068        0x0
 .iplt          0x0000000008009068        0x0 /usr/lib/gcc/arm-none-eabi/10.3.1/thumb/v7e-m/nofp/crtbegin.o

.rodata         0x0000000008009068      0x490
                0x0000000008009068                . = ALIGN (0x4)
 *(.rodata)
 .rodata        0x0000000008009068        0x4 /usr/lib/gcc/arm-none-eabi/10.3.1/../../../arm-none-eabi/lib/thumb/v7e-m/nofp/libg.a(lib_a-impure.o)
                0x0000000008009068                _global_impure_ptr
 .rodata        0x000000000800906c       0x20 /usr/lib/gcc/arm-none-eabi/10.3.1/../../../arm-none-eabi/lib/thumb/v7e-m/nofp/libg.a(lib_a-vfprintf.o)
 *fill*         0x000000000800908c        0x4 
 .rodata        0x0000000008009090      0x128 /usr/lib/gcc/arm-none-eabi/10.3.1/../../../arm-none-eabi/lib/thumb/v7e-m/nofp/libg.a(lib_a-mprec.o)
                0x00000000080090a0                __mprec_tens
                0x0000000008009168                __mprec_tinytens
                0x0000000008009190                __mprec_bigtens
 .rodata        0x00000000080091b8       0x20 /usr/lib/gcc/arm-none-eabi/10.3.1/../../../arm-none-eabi/lib/thumb/v7e-m/nofp/libg.a(lib_a-vfiprintf.o)
 .rodata        0x00000000080091d8      0x101 /usr/lib/gcc/arm-none-eabi/10.3.1/../../../arm-none-eabi/lib/thumb/v7e-m/nofp/libg.a(lib_a-ctype_.o)
                0x00000000080091d8                _ctype_
 *(.rodata*)
 *fill*         0x00000000080092d9        0x3 
 .rodata.HAL_TIM_PeriodElapsedCallback.str1.4
                0x00000000080092dc       0xc6 CMakeFiles/FlowerLEDs.elf.dir/Core/Src/main.c.obj
 *fill*         0x00000000080093a2        0x2 
 .rodata.main.str1.4
                0x00000000080093a4       0x1c CMakeFiles/FlowerLEDs.elf.dir/Core/Src/main.c.obj
 .rodata.AHBPrescTable
                0x00000000080093c0       0x10 CMakeFiles/FlowerLEDs.elf.dir/Core/Src/system_stm32f4xx.c.obj
                0x00000000080093c0                AHBPrescTable
 .rodata.APBPrescTable
                0x00000000080093d0        0x8 CMakeFiles/FlowerLEDs.elf.dir/Core/Src/system_stm32f4xx.c.obj
                0x00000000080093d0                APBPrescTable
 .rodata.str1.4
                0x00000000080093d8       0x1c /usr/lib/gcc/arm-none-eabi/10.3.1/../../../arm-none-eabi/lib/thumb/v7e-m/nofp/libg.a(lib_a-puts.o)
                                          0x2 (size before relaxing)
 .rodata.str1.4
                0x00000000080093d8       0x42 /usr/lib/gcc/arm-none-eabi/10.3.1/../../../arm-none-eabi/lib/thumb/v7e-m/nofp/libg.a(lib_a-vfprintf.o)
 *fill*         0x000000000800941a        0x2 
 .rodata.str1.4
                0x000000000800941c       0x56 /usr/lib/gcc/arm-none-eabi/10.3.1/../../../arm-none-eabi/lib/thumb/v7e-m/nofp/libg.a(lib_a-dtoa.o)
                                         0x5a (size before relaxing)
 *fill*         0x0000000008009472        0x2 
 .rodata.str1.4
                0x0000000008009474       0x33 /usr/lib/gcc/arm-none-eabi/10.3.1/../../../arm-none-eabi/lib/thumb/v7e-m/nofp/libg.a(lib_a-mprec.o)
                                         0x47 (size before relaxing)
 .rodata.str1.4
                0x00000000080094a7       0x2f /usr/lib/gcc/arm-none-eabi/10.3.1/../../../arm-none-eabi/lib/thumb/v7e-m/nofp/libg.a(lib_a-vfiprintf.o)
 *fill*         0x00000000080094a7        0x1 
 .rodata.str1.4
                0x00000000080094a8       0x3f /usr/lib/gcc/arm-none-eabi/10.3.1/../../../arm-none-eabi/lib/thumb/v7e-m/nofp/libg.a(lib_a-assert.o)
                                         0x43 (size before relaxing)
 *fill*         0x00000000080094e7        0x1 
 .rodata.str1.4
                0x00000000080094e8        0xe /usr/lib/gcc/arm-none-eabi/10.3.1/../../../arm-none-eabi/lib/thumb/v7e-m/nofp/libg.a(lib_a-locale.o)
                                         0x12 (size before relaxing)
                0x00000000080094f8                . = ALIGN (0x4)
 *fill*         0x00000000080094f6        0x2 

.ARM.extab      0x00000000080094f8        0x0
                0x00000000080094f8                . = ALIGN (0x4)
 *(.ARM.extab* .gnu.linkonce.armextab.*)
                0x00000000080094f8                . = ALIGN (0x4)

.ARM            0x00000000080094f8        0x8
                0x00000000080094f8                . = ALIGN (0x4)
                0x00000000080094f8                __exidx_start = .
 *(.ARM.exidx*)
 .ARM.exidx     0x00000000080094f8        0x8 /usr/lib/gcc/arm-none-eabi/10.3.1/thumb/v7e-m/nofp/libgcc.a(_udivmoddi4.o)
                0x0000000008009500                __exidx_end = .
                0x0000000008009500                . = ALIGN (0x4)

.rel.dyn        0x0000000008009500        0x0
 .rel.iplt      0x0000000008009500        0x0 /usr/lib/gcc/arm-none-eabi/10.3.1/thumb/v7e-m/nofp/crtbegin.o

.preinit_array  0x0000000008009500        0x0
                0x0000000008009500                . = ALIGN (0x4)
                0x0000000008009500                PROVIDE (__preinit_array_start = .)
 *(.preinit_array*)
                0x0000000008009500                PROVIDE (__preinit_array_end = .)
                0x0000000008009500                . = ALIGN (0x4)

.init_array     0x0000000008009500        0x8
                0x0000000008009500                . = ALIGN (0x4)
                0x0000000008009500                PROVIDE (__init_array_start = .)
 *(SORT_BY_NAME(.init_array.*))
 .init_array.00000
                0x0000000008009500        0x4 /usr/lib/gcc/arm-none-eabi/10.3.1/../../../arm-none-eabi/lib/thumb/v7e-m/nofp/libg.a(lib_a-__call_atexit.o)
 *(.init_array*)
 .init_array    0x0000000008009504        0x4 /usr/lib/gcc/arm-none-eabi/10.3.1/thumb/v7e-m/nofp/crtbegin.o
                0x0000000008009508                PROVIDE (__init_array_end = .)
                0x0000000008009508                . = ALIGN (0x4)

.fini_array     0x0000000008009508        0x4
                0x0000000008009508                . = ALIGN (0x4)
                0x0000000008009508                PROVIDE (__fini_array_start = .)
 *(SORT_BY_NAME(.fini_array.*))
 *(.fini_array*)
 .fini_array    0x0000000008009508        0x4 /usr/lib/gcc/arm-none-eabi/10.3.1/thumb/v7e-m/nofp/crtbegin.o
                0x000000000800950c                PROVIDE (__fini_array_end = .)
                0x000000000800950c                . = ALIGN (0x4)
                0x000000000800950c                _sidata = LOADADDR (.data)

.data           0x0000000020000000      0x9b8 load address 0x000000000800950c
                0x0000000020000000                . = ALIGN (0x4)
                0x0000000020000000                _sdata = .
 *(.data)
 .data          0x0000000020000000      0x430 /usr/lib/gcc/arm-none-eabi/10.3.1/../../../arm-none-eabi/lib/thumb/v7e-m/nofp/libg.a(lib_a-impure.o)
                0x0000000020000000                _impure_ptr
 .data          0x0000000020000430      0x410 /usr/lib/gcc/arm-none-eabi/10.3.1/../../../arm-none-eabi/lib/thumb/v7e-m/nofp/libg.a(lib_a-mallocr.o)
                0x0000000020000430                __malloc_av_
                0x0000000020000838                __malloc_sbrk_base
                0x000000002000083c                __malloc_trim_threshold
 .data          0x0000000020000840      0x16c /usr/lib/gcc/arm-none-eabi/10.3.1/../../../arm-none-eabi/lib/thumb/v7e-m/nofp/libg.a(lib_a-locale.o)
                0x0000000020000840                __global_locale
 *(.data*)
 .data.SystemCoreClock
                0x00000000200009ac        0x4 CMakeFiles/FlowerLEDs.elf.dir/Core/Src/system_stm32f4xx.c.obj
                0x00000000200009ac                SystemCoreClock
 .data.uwTickFreq
                0x00000000200009b0        0x1 CMakeFiles/FlowerLEDs.elf.dir/Drivers/STM32F4xx_HAL_Driver/Src/stm32f4xx_hal.c.obj
                0x00000000200009b0                uwTickFreq
 *fill*         0x00000000200009b1        0x3 
 .data.uwTickPrio
                0x00000000200009b4        0x4 CMakeFiles/FlowerLEDs.elf.dir/Drivers/STM32F4xx_HAL_Driver/Src/stm32f4xx_hal.c.obj
                0x00000000200009b4                uwTickPrio
 *(.RamFunc)
 *(.RamFunc*)
                0x00000000200009b8                . = ALIGN (0x4)
                0x00000000200009b8                _edata = .

.tm_clone_table
                0x00000000200009b8        0x0 load address 0x0000000008009ec4
 .tm_clone_table
                0x00000000200009b8        0x0 /usr/lib/gcc/arm-none-eabi/10.3.1/thumb/v7e-m/nofp/crtbegin.o
 .tm_clone_table
                0x00000000200009b8        0x0 /usr/lib/gcc/arm-none-eabi/10.3.1/thumb/v7e-m/nofp/crtend.o

.igot.plt       0x00000000200009b8        0x0 load address 0x0000000008009ec4
 .igot.plt      0x00000000200009b8        0x0 /usr/lib/gcc/arm-none-eabi/10.3.1/thumb/v7e-m/nofp/crtbegin.o
                0x00000000200009b8                . = ALIGN (0x4)

.bss            0x00000000200009b8      0x184 load address 0x0000000008009ec4
                0x00000000200009b8                _sbss = .
                0x00000000200009b8                __bss_start__ = _sbss
 *(.bss)
 .bss           0x00000000200009b8       0x1c /usr/lib/gcc/arm-none-eabi/10.3.1/thumb/v7e-m/nofp/crtbegin.o
 .bss           0x00000000200009d4       0x34 /usr/lib/gcc/arm-none-eabi/10.3.1/../../../arm-none-eabi/lib/thumb/v7e-m/nofp/libg.a(lib_a-mallocr.o)
                0x00000000200009d4                __malloc_top_pad
                0x00000000200009d8                __malloc_current_mallinfo
                0x0000000020000a00                __malloc_max_sbrked_mem
                0x0000000020000a04                __malloc_max_total_mem
 .bss           0x0000000020000a08        0x4 /usr/lib/gcc/arm-none-eabi/10.3.1/../../../arm-none-eabi/lib/thumb/v7e-m/nofp/libg.a(lib_a-reent.o)
                0x0000000020000a08                errno
 *(.bss*)
 .bss.SW0cont   0x0000000020000a0c        0x2 CMakeFiles/FlowerLEDs.elf.dir/Core/Src/main.c.obj
                0x0000000020000a0c                SW0cont
 .bss.SW1cont   0x0000000020000a0e        0x2 CMakeFiles/FlowerLEDs.elf.dir/Core/Src/main.c.obj
                0x0000000020000a0e                SW1cont
 .bss.SW2cont   0x0000000020000a10        0x2 CMakeFiles/FlowerLEDs.elf.dir/Core/Src/main.c.obj
                0x0000000020000a10                SW2cont
 .bss.SW3cont   0x0000000020000a12        0x2 CMakeFiles/FlowerLEDs.elf.dir/Core/Src/main.c.obj
                0x0000000020000a12                SW3cont
 .bss.SW4cont   0x0000000020000a14        0x2 CMakeFiles/FlowerLEDs.elf.dir/Core/Src/main.c.obj
                0x0000000020000a14                SW4cont
 *fill*         0x0000000020000a16        0x2 
 .bss.__sbrk_heap_end
                0x0000000020000a18        0x4 CMakeFiles/FlowerLEDs.elf.dir/Core/Src/sysmem.c.obj
 .bss.htim1     0x0000000020000a1c       0x48 CMakeFiles/FlowerLEDs.elf.dir/Core/Src/tim.c.obj
                0x0000000020000a1c                htim1
 .bss.htim2     0x0000000020000a64       0x48 CMakeFiles/FlowerLEDs.elf.dir/Core/Src/tim.c.obj
                0x0000000020000a64                htim2
 .bss.htim3     0x0000000020000aac       0x48 CMakeFiles/FlowerLEDs.elf.dir/Core/Src/tim.c.obj
                0x0000000020000aac                htim3
 .bss.huart1    0x0000000020000af4       0x44 CMakeFiles/FlowerLEDs.elf.dir/Core/Src/usart.c.obj
                0x0000000020000af4                huart1
 .bss.uwTick    0x0000000020000b38        0x4 CMakeFiles/FlowerLEDs.elf.dir/Drivers/STM32F4xx_HAL_Driver/Src/stm32f4xx_hal.c.obj
                0x0000000020000b38                uwTick
 *(COMMON)
                0x0000000020000b3c                . = ALIGN (0x4)
                0x0000000020000b3c                _ebss = .
                0x0000000020000b3c                __bss_end__ = _ebss

._user_heap_stack
                0x0000000020000b3c      0x604 load address 0x0000000008009ec4
                0x0000000020000b40                . = ALIGN (0x8)
 *fill*         0x0000000020000b3c        0x4 
                [!provide]                        PROVIDE (end = .)
                0x0000000020000b40                PROVIDE (_end = .)
                0x0000000020000d40                . = (. + _Min_Heap_Size)
 *fill*         0x0000000020000b40      0x200 
                0x0000000020001140                . = (. + _Min_Stack_Size)
 *fill*         0x0000000020000d40      0x400 
                0x0000000020001140                . = ALIGN (0x8)

/DISCARD/
 libc.a(*)
 libm.a(*)
 libgcc.a(*)

.ARM.attributes
                0x0000000000000000       0x2a
 *(.ARM.attributes)
 .ARM.attributes
                0x0000000000000000       0x1e /usr/lib/gcc/arm-none-eabi/10.3.1/thumb/v7e-m/nofp/crti.o
 .ARM.attributes
                0x000000000000001e       0x2e /usr/lib/gcc/arm-none-eabi/10.3.1/thumb/v7e-m/nofp/crtbegin.o
 .ARM.attributes
                0x000000000000004c       0x2e CMakeFiles/FlowerLEDs.elf.dir/Core/Src/gpio.c.obj
 .ARM.attributes
                0x000000000000007a       0x2e CMakeFiles/FlowerLEDs.elf.dir/Core/Src/main.c.obj
 .ARM.attributes
                0x00000000000000a8       0x2e CMakeFiles/FlowerLEDs.elf.dir/Core/Src/stm32f4xx_hal_msp.c.obj
 .ARM.attributes
                0x00000000000000d6       0x2e CMakeFiles/FlowerLEDs.elf.dir/Core/Src/stm32f4xx_it.c.obj
 .ARM.attributes
                0x0000000000000104       0x2e CMakeFiles/FlowerLEDs.elf.dir/Core/Src/syscalls.c.obj
 .ARM.attributes
                0x0000000000000132       0x2e CMakeFiles/FlowerLEDs.elf.dir/Core/Src/sysmem.c.obj
 .ARM.attributes
                0x0000000000000160       0x2e CMakeFiles/FlowerLEDs.elf.dir/Core/Src/system_stm32f4xx.c.obj
 .ARM.attributes
                0x000000000000018e       0x2e CMakeFiles/FlowerLEDs.elf.dir/Core/Src/tim.c.obj
 .ARM.attributes
                0x00000000000001bc       0x2e CMakeFiles/FlowerLEDs.elf.dir/Core/Src/usart.c.obj
 .ARM.attributes
                0x00000000000001ea       0x21 CMakeFiles/FlowerLEDs.elf.dir/Core/Startup/startup_stm32f401ccux.s.obj
 .ARM.attributes
                0x000000000000020b       0x2e CMakeFiles/FlowerLEDs.elf.dir/Drivers/STM32F4xx_HAL_Driver/Src/stm32f4xx_hal.c.obj
 .ARM.attributes
                0x0000000000000239       0x2e CMakeFiles/FlowerLEDs.elf.dir/Drivers/STM32F4xx_HAL_Driver/Src/stm32f4xx_hal_cortex.c.obj
 .ARM.attributes
                0x0000000000000267       0x2e CMakeFiles/FlowerLEDs.elf.dir/Drivers/STM32F4xx_HAL_Driver/Src/stm32f4xx_hal_gpio.c.obj
 .ARM.attributes
                0x0000000000000295       0x2e CMakeFiles/FlowerLEDs.elf.dir/Drivers/STM32F4xx_HAL_Driver/Src/stm32f4xx_hal_rcc.c.obj
 .ARM.attributes
                0x00000000000002c3       0x2e CMakeFiles/FlowerLEDs.elf.dir/Drivers/STM32F4xx_HAL_Driver/Src/stm32f4xx_hal_tim.c.obj
 .ARM.attributes
                0x00000000000002f1       0x2e CMakeFiles/FlowerLEDs.elf.dir/Drivers/STM32F4xx_HAL_Driver/Src/stm32f4xx_hal_tim_ex.c.obj
 .ARM.attributes
                0x000000000000031f       0x2e CMakeFiles/FlowerLEDs.elf.dir/Drivers/STM32F4xx_HAL_Driver/Src/stm32f4xx_hal_uart.c.obj
 .ARM.attributes
                0x000000000000034d       0x1e /usr/lib/gcc/arm-none-eabi/10.3.1/thumb/v7e-m/nofp/libgcc.a(_aeabi_uldivmod.o)
 .ARM.attributes
                0x000000000000036b       0x2e /usr/lib/gcc/arm-none-eabi/10.3.1/thumb/v7e-m/nofp/libgcc.a(_udivmoddi4.o)
 .ARM.attributes
                0x0000000000000399       0x1e /usr/lib/gcc/arm-none-eabi/10.3.1/thumb/v7e-m/nofp/libgcc.a(_dvmd_tls.o)
 .ARM.attributes
                0x00000000000003b7       0x2e /usr/lib/gcc/arm-none-eabi/10.3.1/../../../arm-none-eabi/lib/thumb/v7e-m/nofp/libg.a(lib_a-atexit.o)
 .ARM.attributes
                0x00000000000003e5       0x2e /usr/lib/gcc/arm-none-eabi/10.3.1/../../../arm-none-eabi/lib/thumb/v7e-m/nofp/libg.a(lib_a-errno.o)
 .ARM.attributes
                0x0000000000000413       0x2e /usr/lib/gcc/arm-none-eabi/10.3.1/../../../arm-none-eabi/lib/thumb/v7e-m/nofp/libg.a(lib_a-fini.o)
 .ARM.attributes
                0x0000000000000441       0x2e /usr/lib/gcc/arm-none-eabi/10.3.1/../../../arm-none-eabi/lib/thumb/v7e-m/nofp/libg.a(lib_a-impure.o)
 .ARM.attributes
                0x000000000000046f       0x2e /usr/lib/gcc/arm-none-eabi/10.3.1/../../../arm-none-eabi/lib/thumb/v7e-m/nofp/libg.a(lib_a-init.o)
 .ARM.attributes
                0x000000000000049d       0x2e /usr/lib/gcc/arm-none-eabi/10.3.1/../../../arm-none-eabi/lib/thumb/v7e-m/nofp/libg.a(lib_a-memset.o)
 .ARM.attributes
                0x00000000000004cb       0x2e /usr/lib/gcc/arm-none-eabi/10.3.1/../../../arm-none-eabi/lib/thumb/v7e-m/nofp/libg.a(lib_a-printf.o)
 .ARM.attributes
                0x00000000000004f9       0x2e /usr/lib/gcc/arm-none-eabi/10.3.1/../../../arm-none-eabi/lib/thumb/v7e-m/nofp/libg.a(lib_a-puts.o)
 .ARM.attributes
                0x0000000000000527       0x1c /usr/lib/gcc/arm-none-eabi/10.3.1/../../../arm-none-eabi/lib/thumb/v7e-m/nofp/libg.a(lib_a-strlen.o)
 .ARM.attributes
                0x0000000000000543       0x2e /usr/lib/gcc/arm-none-eabi/10.3.1/../../../arm-none-eabi/lib/thumb/v7e-m/nofp/libg.a(lib_a-vfprintf.o)
 .ARM.attributes
                0x0000000000000571       0x2e /usr/lib/gcc/arm-none-eabi/10.3.1/../../../arm-none-eabi/lib/thumb/v7e-m/nofp/libg.a(lib_a-wsetup.o)
 .ARM.attributes
                0x000000000000059f       0x2e /usr/lib/gcc/arm-none-eabi/10.3.1/../../../arm-none-eabi/lib/thumb/v7e-m/nofp/libg.a(lib_a-__atexit.o)
 .ARM.attributes
                0x00000000000005cd       0x2e /usr/lib/gcc/arm-none-eabi/10.3.1/../../../arm-none-eabi/lib/thumb/v7e-m/nofp/libg.a(lib_a-__call_atexit.o)
 .ARM.attributes
                0x00000000000005fb       0x2e /usr/lib/gcc/arm-none-eabi/10.3.1/../../../arm-none-eabi/lib/thumb/v7e-m/nofp/libg.a(lib_a-dtoa.o)
 .ARM.attributes
                0x0000000000000629       0x2e /usr/lib/gcc/arm-none-eabi/10.3.1/../../../arm-none-eabi/lib/thumb/v7e-m/nofp/libg.a(lib_a-fflush.o)
 .ARM.attributes
                0x0000000000000657       0x2e /usr/lib/gcc/arm-none-eabi/10.3.1/../../../arm-none-eabi/lib/thumb/v7e-m/nofp/libg.a(lib_a-findfp.o)
 .ARM.attributes
                0x0000000000000685       0x2e /usr/lib/gcc/arm-none-eabi/10.3.1/../../../arm-none-eabi/lib/thumb/v7e-m/nofp/libg.a(lib_a-freer.o)
 .ARM.attributes
                0x00000000000006b3       0x2e /usr/lib/gcc/arm-none-eabi/10.3.1/../../../arm-none-eabi/lib/thumb/v7e-m/nofp/libg.a(lib_a-fvwrite.o)
 .ARM.attributes
                0x00000000000006e1       0x2e /usr/lib/gcc/arm-none-eabi/10.3.1/../../../arm-none-eabi/lib/thumb/v7e-m/nofp/libg.a(lib_a-fwalk.o)
 .ARM.attributes
                0x000000000000070f       0x2e /usr/lib/gcc/arm-none-eabi/10.3.1/../../../arm-none-eabi/lib/thumb/v7e-m/nofp/libg.a(lib_a-localeconv.o)
 .ARM.attributes
                0x000000000000073d       0x2e /usr/lib/gcc/arm-none-eabi/10.3.1/../../../arm-none-eabi/lib/thumb/v7e-m/nofp/libg.a(lib_a-makebuf.o)
 .ARM.attributes
                0x000000000000076b       0x2e /usr/lib/gcc/arm-none-eabi/10.3.1/../../../arm-none-eabi/lib/thumb/v7e-m/nofp/libg.a(lib_a-mallocr.o)
 .ARM.attributes
                0x0000000000000799       0x1c /usr/lib/gcc/arm-none-eabi/10.3.1/../../../arm-none-eabi/lib/thumb/v7e-m/nofp/libg.a(lib_a-memchr.o)
 .ARM.attributes
                0x00000000000007b5       0x1c /usr/lib/gcc/arm-none-eabi/10.3.1/../../../arm-none-eabi/lib/thumb/v7e-m/nofp/libg.a(lib_a-memcpy.o)
 .ARM.attributes
                0x00000000000007d1       0x2e /usr/lib/gcc/arm-none-eabi/10.3.1/../../../arm-none-eabi/lib/thumb/v7e-m/nofp/libg.a(lib_a-memmove.o)
 .ARM.attributes
                0x00000000000007ff       0x2e /usr/lib/gcc/arm-none-eabi/10.3.1/../../../arm-none-eabi/lib/thumb/v7e-m/nofp/libg.a(lib_a-mlock.o)
 .ARM.attributes
                0x000000000000082d       0x2e /usr/lib/gcc/arm-none-eabi/10.3.1/../../../arm-none-eabi/lib/thumb/v7e-m/nofp/libg.a(lib_a-mprec.o)
 .ARM.attributes
                0x000000000000085b       0x2e /usr/lib/gcc/arm-none-eabi/10.3.1/../../../arm-none-eabi/lib/thumb/v7e-m/nofp/libg.a(lib_a-reallocr.o)
 .ARM.attributes
                0x0000000000000889       0x2e /usr/lib/gcc/arm-none-eabi/10.3.1/../../../arm-none-eabi/lib/thumb/v7e-m/nofp/libg.a(lib_a-sbrkr.o)
 .ARM.attributes
                0x00000000000008b7       0x2e /usr/lib/gcc/arm-none-eabi/10.3.1/../../../arm-none-eabi/lib/thumb/v7e-m/nofp/libg.a(lib_a-stdio.o)
 .ARM.attributes
                0x00000000000008e5       0x2e /usr/lib/gcc/arm-none-eabi/10.3.1/../../../arm-none-eabi/lib/thumb/v7e-m/nofp/libg.a(lib_a-vfiprintf.o)
 .ARM.attributes
                0x0000000000000913       0x2e /usr/lib/gcc/arm-none-eabi/10.3.1/../../../arm-none-eabi/lib/thumb/v7e-m/nofp/libg.a(lib_a-writer.o)
 .ARM.attributes
                0x0000000000000941       0x2e /usr/lib/gcc/arm-none-eabi/10.3.1/../../../arm-none-eabi/lib/thumb/v7e-m/nofp/libg.a(lib_a-assert.o)
 .ARM.attributes
                0x000000000000096f       0x2e /usr/lib/gcc/arm-none-eabi/10.3.1/../../../arm-none-eabi/lib/thumb/v7e-m/nofp/libg.a(lib_a-callocr.o)
 .ARM.attributes
                0x000000000000099d       0x2e /usr/lib/gcc/arm-none-eabi/10.3.1/../../../arm-none-eabi/lib/thumb/v7e-m/nofp/libg.a(lib_a-closer.o)
 .ARM.attributes
                0x00000000000009cb       0x2e /usr/lib/gcc/arm-none-eabi/10.3.1/../../../arm-none-eabi/lib/thumb/v7e-m/nofp/libg.a(lib_a-fclose.o)
 .ARM.attributes
                0x00000000000009f9       0x2e /usr/lib/gcc/arm-none-eabi/10.3.1/../../../arm-none-eabi/lib/thumb/v7e-m/nofp/libg.a(lib_a-fiprintf.o)
 .ARM.attributes
                0x0000000000000a27       0x2e /usr/lib/gcc/arm-none-eabi/10.3.1/../../../arm-none-eabi/lib/thumb/v7e-m/nofp/libg.a(lib_a-fputwc.o)
 .ARM.attributes
                0x0000000000000a55       0x2e /usr/lib/gcc/arm-none-eabi/10.3.1/../../../arm-none-eabi/lib/thumb/v7e-m/nofp/libg.a(lib_a-fstatr.o)
 .ARM.attributes
                0x0000000000000a83       0x2e /usr/lib/gcc/arm-none-eabi/10.3.1/../../../arm-none-eabi/lib/thumb/v7e-m/nofp/libg.a(lib_a-isattyr.o)
 .ARM.attributes
                0x0000000000000ab1       0x2e /usr/lib/gcc/arm-none-eabi/10.3.1/../../../arm-none-eabi/lib/thumb/v7e-m/nofp/libg.a(lib_a-locale.o)
 .ARM.attributes
                0x0000000000000adf       0x2e /usr/lib/gcc/arm-none-eabi/10.3.1/../../../arm-none-eabi/lib/thumb/v7e-m/nofp/libg.a(lib_a-lseekr.o)
 .ARM.attributes
                0x0000000000000b0d       0x2e /usr/lib/gcc/arm-none-eabi/10.3.1/../../../arm-none-eabi/lib/thumb/v7e-m/nofp/libg.a(lib_a-mbtowc_r.o)
 .ARM.attributes
                0x0000000000000b3b       0x2e /usr/lib/gcc/arm-none-eabi/10.3.1/../../../arm-none-eabi/lib/thumb/v7e-m/nofp/libg.a(lib_a-readr.o)
 .ARM.attributes
                0x0000000000000b69       0x2e /usr/lib/gcc/arm-none-eabi/10.3.1/../../../arm-none-eabi/lib/thumb/v7e-m/nofp/libg.a(lib_a-reent.o)
 .ARM.attributes
                0x0000000000000b97       0x1c /usr/lib/gcc/arm-none-eabi/10.3.1/../../../arm-none-eabi/lib/thumb/v7e-m/nofp/libg.a(lib_a-strcmp.o)
 .ARM.attributes
                0x0000000000000bb3       0x2e /usr/lib/gcc/arm-none-eabi/10.3.1/../../../arm-none-eabi/lib/thumb/v7e-m/nofp/libg.a(lib_a-wbuf.o)
 .ARM.attributes
                0x0000000000000be1       0x2e /usr/lib/gcc/arm-none-eabi/10.3.1/../../../arm-none-eabi/lib/thumb/v7e-m/nofp/libg.a(lib_a-wcrtomb.o)
 .ARM.attributes
                0x0000000000000c0f       0x2e /usr/lib/gcc/arm-none-eabi/10.3.1/../../../arm-none-eabi/lib/thumb/v7e-m/nofp/libg.a(lib_a-wctomb_r.o)
 .ARM.attributes
                0x0000000000000c3d       0x2e /usr/lib/gcc/arm-none-eabi/10.3.1/../../../arm-none-eabi/lib/thumb/v7e-m/nofp/libg.a(lib_a-abort.o)
 .ARM.attributes
                0x0000000000000c6b       0x2e /usr/lib/gcc/arm-none-eabi/10.3.1/../../../arm-none-eabi/lib/thumb/v7e-m/nofp/libg.a(lib_a-ctype_.o)
 .ARM.attributes
                0x0000000000000c99       0x2e /usr/lib/gcc/arm-none-eabi/10.3.1/../../../arm-none-eabi/lib/thumb/v7e-m/nofp/libg.a(lib_a-signal.o)
 .ARM.attributes
                0x0000000000000cc7       0x2e /usr/lib/gcc/arm-none-eabi/10.3.1/../../../arm-none-eabi/lib/thumb/v7e-m/nofp/libg.a(lib_a-signalr.o)
 .ARM.attributes
                0x0000000000000cf5       0x1e /usr/lib/gcc/arm-none-eabi/10.3.1/thumb/v7e-m/nofp/libgcc.a(_arm_addsubdf3.o)
 .ARM.attributes
                0x0000000000000d13       0x1e /usr/lib/gcc/arm-none-eabi/10.3.1/thumb/v7e-m/nofp/libgcc.a(_arm_muldivdf3.o)
 .ARM.attributes
                0x0000000000000d31       0x1e /usr/lib/gcc/arm-none-eabi/10.3.1/thumb/v7e-m/nofp/libgcc.a(_arm_cmpdf2.o)
 .ARM.attributes
                0x0000000000000d4f       0x1e /usr/lib/gcc/arm-none-eabi/10.3.1/thumb/v7e-m/nofp/libgcc.a(_arm_unorddf2.o)
 .ARM.attributes
                0x0000000000000d6d       0x1e /usr/lib/gcc/arm-none-eabi/10.3.1/thumb/v7e-m/nofp/libgcc.a(_arm_fixdfsi.o)
 .ARM.attributes
                0x0000000000000d8b       0x2e /usr/lib/gcc/arm-none-eabi/10.3.1/thumb/v7e-m/nofp/crtend.o
 .ARM.attributes
                0x0000000000000db9       0x1e /usr/lib/gcc/arm-none-eabi/10.3.1/thumb/v7e-m/nofp/crtn.o
OUTPUT(FlowerLEDs.elf elf32-littlearm)
LOAD linker stubs
LOAD /usr/lib/gcc/arm-none-eabi/10.3.1/../../../arm-none-eabi/lib/thumb/v7e-m/nofp/libc.a
LOAD /usr/lib/gcc/arm-none-eabi/10.3.1/../../../arm-none-eabi/lib/thumb/v7e-m/nofp/libm.a
LOAD /usr/lib/gcc/arm-none-eabi/10.3.1/thumb/v7e-m/nofp/libgcc.a

.comment        0x0000000000000000       0x33
 .comment       0x0000000000000000       0x33 /usr/lib/gcc/arm-none-eabi/10.3.1/thumb/v7e-m/nofp/crtbegin.o
                                         0x34 (size before relaxing)
 .comment       0x0000000000000033       0x34 CMakeFiles/FlowerLEDs.elf.dir/Core/Src/gpio.c.obj
 .comment       0x0000000000000033       0x34 CMakeFiles/FlowerLEDs.elf.dir/Core/Src/main.c.obj
 .comment       0x0000000000000033       0x34 CMakeFiles/FlowerLEDs.elf.dir/Core/Src/stm32f4xx_hal_msp.c.obj
 .comment       0x0000000000000033       0x34 CMakeFiles/FlowerLEDs.elf.dir/Core/Src/stm32f4xx_it.c.obj
 .comment       0x0000000000000033       0x34 CMakeFiles/FlowerLEDs.elf.dir/Core/Src/syscalls.c.obj
 .comment       0x0000000000000033       0x34 CMakeFiles/FlowerLEDs.elf.dir/Core/Src/sysmem.c.obj
 .comment       0x0000000000000033       0x34 CMakeFiles/FlowerLEDs.elf.dir/Core/Src/system_stm32f4xx.c.obj
 .comment       0x0000000000000033       0x34 CMakeFiles/FlowerLEDs.elf.dir/Core/Src/tim.c.obj
 .comment       0x0000000000000033       0x34 CMakeFiles/FlowerLEDs.elf.dir/Core/Src/usart.c.obj
 .comment       0x0000000000000033       0x34 CMakeFiles/FlowerLEDs.elf.dir/Drivers/STM32F4xx_HAL_Driver/Src/stm32f4xx_hal.c.obj
 .comment       0x0000000000000033       0x34 CMakeFiles/FlowerLEDs.elf.dir/Drivers/STM32F4xx_HAL_Driver/Src/stm32f4xx_hal_cortex.c.obj
 .comment       0x0000000000000033       0x34 CMakeFiles/FlowerLEDs.elf.dir/Drivers/STM32F4xx_HAL_Driver/Src/stm32f4xx_hal_gpio.c.obj
 .comment       0x0000000000000033       0x34 CMakeFiles/FlowerLEDs.elf.dir/Drivers/STM32F4xx_HAL_Driver/Src/stm32f4xx_hal_rcc.c.obj
 .comment       0x0000000000000033       0x34 CMakeFiles/FlowerLEDs.elf.dir/Drivers/STM32F4xx_HAL_Driver/Src/stm32f4xx_hal_tim.c.obj
 .comment       0x0000000000000033       0x34 CMakeFiles/FlowerLEDs.elf.dir/Drivers/STM32F4xx_HAL_Driver/Src/stm32f4xx_hal_tim_ex.c.obj
 .comment       0x0000000000000033       0x34 CMakeFiles/FlowerLEDs.elf.dir/Drivers/STM32F4xx_HAL_Driver/Src/stm32f4xx_hal_uart.c.obj
 .comment       0x0000000000000033       0x34 /usr/lib/gcc/arm-none-eabi/10.3.1/thumb/v7e-m/nofp/libgcc.a(_udivmoddi4.o)
 .comment       0x0000000000000033       0x34 /usr/lib/gcc/arm-none-eabi/10.3.1/../../../arm-none-eabi/lib/thumb/v7e-m/nofp/libg.a(lib_a-atexit.o)
 .comment       0x0000000000000033       0x34 /usr/lib/gcc/arm-none-eabi/10.3.1/../../../arm-none-eabi/lib/thumb/v7e-m/nofp/libg.a(lib_a-errno.o)
 .comment       0x0000000000000033       0x34 /usr/lib/gcc/arm-none-eabi/10.3.1/../../../arm-none-eabi/lib/thumb/v7e-m/nofp/libg.a(lib_a-fini.o)
 .comment       0x0000000000000033       0x34 /usr/lib/gcc/arm-none-eabi/10.3.1/../../../arm-none-eabi/lib/thumb/v7e-m/nofp/libg.a(lib_a-impure.o)
 .comment       0x0000000000000033       0x34 /usr/lib/gcc/arm-none-eabi/10.3.1/../../../arm-none-eabi/lib/thumb/v7e-m/nofp/libg.a(lib_a-init.o)
 .comment       0x0000000000000033       0x34 /usr/lib/gcc/arm-none-eabi/10.3.1/../../../arm-none-eabi/lib/thumb/v7e-m/nofp/libg.a(lib_a-memset.o)
 .comment       0x0000000000000033       0x34 /usr/lib/gcc/arm-none-eabi/10.3.1/../../../arm-none-eabi/lib/thumb/v7e-m/nofp/libg.a(lib_a-printf.o)
 .comment       0x0000000000000033       0x34 /usr/lib/gcc/arm-none-eabi/10.3.1/../../../arm-none-eabi/lib/thumb/v7e-m/nofp/libg.a(lib_a-puts.o)
 .comment       0x0000000000000033       0x34 /usr/lib/gcc/arm-none-eabi/10.3.1/../../../arm-none-eabi/lib/thumb/v7e-m/nofp/libg.a(lib_a-vfprintf.o)
 .comment       0x0000000000000033       0x34 /usr/lib/gcc/arm-none-eabi/10.3.1/../../../arm-none-eabi/lib/thumb/v7e-m/nofp/libg.a(lib_a-wsetup.o)
 .comment       0x0000000000000033       0x34 /usr/lib/gcc/arm-none-eabi/10.3.1/../../../arm-none-eabi/lib/thumb/v7e-m/nofp/libg.a(lib_a-__atexit.o)
 .comment       0x0000000000000033       0x34 /usr/lib/gcc/arm-none-eabi/10.3.1/../../../arm-none-eabi/lib/thumb/v7e-m/nofp/libg.a(lib_a-__call_atexit.o)
 .comment       0x0000000000000033       0x34 /usr/lib/gcc/arm-none-eabi/10.3.1/../../../arm-none-eabi/lib/thumb/v7e-m/nofp/libg.a(lib_a-dtoa.o)
 .comment       0x0000000000000033       0x34 /usr/lib/gcc/arm-none-eabi/10.3.1/../../../arm-none-eabi/lib/thumb/v7e-m/nofp/libg.a(lib_a-fflush.o)
 .comment       0x0000000000000033       0x34 /usr/lib/gcc/arm-none-eabi/10.3.1/../../../arm-none-eabi/lib/thumb/v7e-m/nofp/libg.a(lib_a-findfp.o)
 .comment       0x0000000000000033       0x34 /usr/lib/gcc/arm-none-eabi/10.3.1/../../../arm-none-eabi/lib/thumb/v7e-m/nofp/libg.a(lib_a-freer.o)
 .comment       0x0000000000000033       0x34 /usr/lib/gcc/arm-none-eabi/10.3.1/../../../arm-none-eabi/lib/thumb/v7e-m/nofp/libg.a(lib_a-fvwrite.o)
 .comment       0x0000000000000033       0x34 /usr/lib/gcc/arm-none-eabi/10.3.1/../../../arm-none-eabi/lib/thumb/v7e-m/nofp/libg.a(lib_a-fwalk.o)
 .comment       0x0000000000000033       0x34 /usr/lib/gcc/arm-none-eabi/10.3.1/../../../arm-none-eabi/lib/thumb/v7e-m/nofp/libg.a(lib_a-localeconv.o)
 .comment       0x0000000000000033       0x34 /usr/lib/gcc/arm-none-eabi/10.3.1/../../../arm-none-eabi/lib/thumb/v7e-m/nofp/libg.a(lib_a-makebuf.o)
 .comment       0x0000000000000033       0x34 /usr/lib/gcc/arm-none-eabi/10.3.1/../../../arm-none-eabi/lib/thumb/v7e-m/nofp/libg.a(lib_a-mallocr.o)
 .comment       0x0000000000000033       0x34 /usr/lib/gcc/arm-none-eabi/10.3.1/../../../arm-none-eabi/lib/thumb/v7e-m/nofp/libg.a(lib_a-memmove.o)
 .comment       0x0000000000000033       0x34 /usr/lib/gcc/arm-none-eabi/10.3.1/../../../arm-none-eabi/lib/thumb/v7e-m/nofp/libg.a(lib_a-mlock.o)
 .comment       0x0000000000000033       0x34 /usr/lib/gcc/arm-none-eabi/10.3.1/../../../arm-none-eabi/lib/thumb/v7e-m/nofp/libg.a(lib_a-mprec.o)
 .comment       0x0000000000000033       0x34 /usr/lib/gcc/arm-none-eabi/10.3.1/../../../arm-none-eabi/lib/thumb/v7e-m/nofp/libg.a(lib_a-reallocr.o)
 .comment       0x0000000000000033       0x34 /usr/lib/gcc/arm-none-eabi/10.3.1/../../../arm-none-eabi/lib/thumb/v7e-m/nofp/libg.a(lib_a-sbrkr.o)
 .comment       0x0000000000000033       0x34 /usr/lib/gcc/arm-none-eabi/10.3.1/../../../arm-none-eabi/lib/thumb/v7e-m/nofp/libg.a(lib_a-stdio.o)
 .comment       0x0000000000000033       0x34 /usr/lib/gcc/arm-none-eabi/10.3.1/../../../arm-none-eabi/lib/thumb/v7e-m/nofp/libg.a(lib_a-vfiprintf.o)
 .comment       0x0000000000000033       0x34 /usr/lib/gcc/arm-none-eabi/10.3.1/../../../arm-none-eabi/lib/thumb/v7e-m/nofp/libg.a(lib_a-writer.o)
 .comment       0x0000000000000033       0x34 /usr/lib/gcc/arm-none-eabi/10.3.1/../../../arm-none-eabi/lib/thumb/v7e-m/nofp/libg.a(lib_a-assert.o)
 .comment       0x0000000000000033       0x34 /usr/lib/gcc/arm-none-eabi/10.3.1/../../../arm-none-eabi/lib/thumb/v7e-m/nofp/libg.a(lib_a-callocr.o)
 .comment       0x0000000000000033       0x34 /usr/lib/gcc/arm-none-eabi/10.3.1/../../../arm-none-eabi/lib/thumb/v7e-m/nofp/libg.a(lib_a-closer.o)
 .comment       0x0000000000000033       0x34 /usr/lib/gcc/arm-none-eabi/10.3.1/../../../arm-none-eabi/lib/thumb/v7e-m/nofp/libg.a(lib_a-fclose.o)
 .comment       0x0000000000000033       0x34 /usr/lib/gcc/arm-none-eabi/10.3.1/../../../arm-none-eabi/lib/thumb/v7e-m/nofp/libg.a(lib_a-fiprintf.o)
 .comment       0x0000000000000033       0x34 /usr/lib/gcc/arm-none-eabi/10.3.1/../../../arm-none-eabi/lib/thumb/v7e-m/nofp/libg.a(lib_a-fputwc.o)
 .comment       0x0000000000000033       0x34 /usr/lib/gcc/arm-none-eabi/10.3.1/../../../arm-none-eabi/lib/thumb/v7e-m/nofp/libg.a(lib_a-fstatr.o)
 .comment       0x0000000000000033       0x34 /usr/lib/gcc/arm-none-eabi/10.3.1/../../../arm-none-eabi/lib/thumb/v7e-m/nofp/libg.a(lib_a-isattyr.o)
 .comment       0x0000000000000033       0x34 /usr/lib/gcc/arm-none-eabi/10.3.1/../../../arm-none-eabi/lib/thumb/v7e-m/nofp/libg.a(lib_a-locale.o)
 .comment       0x0000000000000033       0x34 /usr/lib/gcc/arm-none-eabi/10.3.1/../../../arm-none-eabi/lib/thumb/v7e-m/nofp/libg.a(lib_a-lseekr.o)
 .comment       0x0000000000000033       0x34 /usr/lib/gcc/arm-none-eabi/10.3.1/../../../arm-none-eabi/lib/thumb/v7e-m/nofp/libg.a(lib_a-mbtowc_r.o)
 .comment       0x0000000000000033       0x34 /usr/lib/gcc/arm-none-eabi/10.3.1/../../../arm-none-eabi/lib/thumb/v7e-m/nofp/libg.a(lib_a-readr.o)
 .comment       0x0000000000000033       0x34 /usr/lib/gcc/arm-none-eabi/10.3.1/../../../arm-none-eabi/lib/thumb/v7e-m/nofp/libg.a(lib_a-reent.o)
 .comment       0x0000000000000033       0x34 /usr/lib/gcc/arm-none-eabi/10.3.1/../../../arm-none-eabi/lib/thumb/v7e-m/nofp/libg.a(lib_a-wbuf.o)
 .comment       0x0000000000000033       0x34 /usr/lib/gcc/arm-none-eabi/10.3.1/../../../arm-none-eabi/lib/thumb/v7e-m/nofp/libg.a(lib_a-wcrtomb.o)
 .comment       0x0000000000000033       0x34 /usr/lib/gcc/arm-none-eabi/10.3.1/../../../arm-none-eabi/lib/thumb/v7e-m/nofp/libg.a(lib_a-wctomb_r.o)
 .comment       0x0000000000000033       0x34 /usr/lib/gcc/arm-none-eabi/10.3.1/../../../arm-none-eabi/lib/thumb/v7e-m/nofp/libg.a(lib_a-abort.o)
 .comment       0x0000000000000033       0x34 /usr/lib/gcc/arm-none-eabi/10.3.1/../../../arm-none-eabi/lib/thumb/v7e-m/nofp/libg.a(lib_a-ctype_.o)
 .comment       0x0000000000000033       0x34 /usr/lib/gcc/arm-none-eabi/10.3.1/../../../arm-none-eabi/lib/thumb/v7e-m/nofp/libg.a(lib_a-signal.o)
 .comment       0x0000000000000033       0x34 /usr/lib/gcc/arm-none-eabi/10.3.1/../../../arm-none-eabi/lib/thumb/v7e-m/nofp/libg.a(lib_a-signalr.o)
 .comment       0x0000000000000033       0x34 /usr/lib/gcc/arm-none-eabi/10.3.1/thumb/v7e-m/nofp/crtend.o

.debug_info     0x0000000000000000    0x33ff8
 .debug_info    0x0000000000000000      0x72f CMakeFiles/FlowerLEDs.elf.dir/Core/Src/gpio.c.obj
 .debug_info    0x000000000000072f      0xf12 CMakeFiles/FlowerLEDs.elf.dir/Core/Src/main.c.obj
 .debug_info    0x0000000000001641      0x2c4 CMakeFiles/FlowerLEDs.elf.dir/Core/Src/stm32f4xx_hal_msp.c.obj
 .debug_info    0x0000000000001905      0x837 CMakeFiles/FlowerLEDs.elf.dir/Core/Src/stm32f4xx_it.c.obj
 .debug_info    0x000000000000213c      0x7af CMakeFiles/FlowerLEDs.elf.dir/Core/Src/syscalls.c.obj
 .debug_info    0x00000000000028eb      0x15c CMakeFiles/FlowerLEDs.elf.dir/Core/Src/sysmem.c.obj
 .debug_info    0x0000000000002a47      0x391 CMakeFiles/FlowerLEDs.elf.dir/Core/Src/system_stm32f4xx.c.obj
 .debug_info    0x0000000000002dd8     0x12de CMakeFiles/FlowerLEDs.elf.dir/Core/Src/tim.c.obj
 .debug_info    0x00000000000040b6      0xa34 CMakeFiles/FlowerLEDs.elf.dir/Core/Src/usart.c.obj
 .debug_info    0x0000000000004aea       0x22 CMakeFiles/FlowerLEDs.elf.dir/Core/Startup/startup_stm32f401ccux.s.obj
 .debug_info    0x0000000000004b0c      0x96e CMakeFiles/FlowerLEDs.elf.dir/Drivers/STM32F4xx_HAL_Driver/Src/stm32f4xx_hal.c.obj
 .debug_info    0x000000000000547a      0xfde CMakeFiles/FlowerLEDs.elf.dir/Drivers/STM32F4xx_HAL_Driver/Src/stm32f4xx_hal_cortex.c.obj
 .debug_info    0x0000000000006458      0x7b0 CMakeFiles/FlowerLEDs.elf.dir/Drivers/STM32F4xx_HAL_Driver/Src/stm32f4xx_hal_gpio.c.obj
 .debug_info    0x0000000000006c08      0xaf9 CMakeFiles/FlowerLEDs.elf.dir/Drivers/STM32F4xx_HAL_Driver/Src/stm32f4xx_hal_rcc.c.obj
 .debug_info    0x0000000000007701     0x3d3b CMakeFiles/FlowerLEDs.elf.dir/Drivers/STM32F4xx_HAL_Driver/Src/stm32f4xx_hal_tim.c.obj
 .debug_info    0x000000000000b43c     0x1abe CMakeFiles/FlowerLEDs.elf.dir/Drivers/STM32F4xx_HAL_Driver/Src/stm32f4xx_hal_tim_ex.c.obj
 .debug_info    0x000000000000cefa     0x4216 CMakeFiles/FlowerLEDs.elf.dir/Drivers/STM32F4xx_HAL_Driver/Src/stm32f4xx_hal_uart.c.obj
 .debug_info    0x0000000000011110       0x26 /usr/lib/gcc/arm-none-eabi/10.3.1/thumb/v7e-m/nofp/libgcc.a(_aeabi_uldivmod.o)
 .debug_info    0x0000000000011136      0x717 /usr/lib/gcc/arm-none-eabi/10.3.1/thumb/v7e-m/nofp/libgcc.a(_udivmoddi4.o)
 .debug_info    0x000000000001184d       0x26 /usr/lib/gcc/arm-none-eabi/10.3.1/thumb/v7e-m/nofp/libgcc.a(_dvmd_tls.o)
 .debug_info    0x0000000000011873      0x100 /usr/lib/gcc/arm-none-eabi/10.3.1/../../../arm-none-eabi/lib/thumb/v7e-m/nofp/libg.a(lib_a-atexit.o)
 .debug_info    0x0000000000011973      0x914 /usr/lib/gcc/arm-none-eabi/10.3.1/../../../arm-none-eabi/lib/thumb/v7e-m/nofp/libg.a(lib_a-errno.o)
 .debug_info    0x0000000000012287      0x102 /usr/lib/gcc/arm-none-eabi/10.3.1/../../../arm-none-eabi/lib/thumb/v7e-m/nofp/libg.a(lib_a-fini.o)
 .debug_info    0x0000000000012389      0x92a /usr/lib/gcc/arm-none-eabi/10.3.1/../../../arm-none-eabi/lib/thumb/v7e-m/nofp/libg.a(lib_a-impure.o)
 .debug_info    0x0000000000012cb3      0x11a /usr/lib/gcc/arm-none-eabi/10.3.1/../../../arm-none-eabi/lib/thumb/v7e-m/nofp/libg.a(lib_a-init.o)
 .debug_info    0x0000000000012dcd      0x137 /usr/lib/gcc/arm-none-eabi/10.3.1/../../../arm-none-eabi/lib/thumb/v7e-m/nofp/libg.a(lib_a-memset.o)
 .debug_info    0x0000000000012f04      0xa31 /usr/lib/gcc/arm-none-eabi/10.3.1/../../../arm-none-eabi/lib/thumb/v7e-m/nofp/libg.a(lib_a-printf.o)
 .debug_info    0x0000000000013935      0xae1 /usr/lib/gcc/arm-none-eabi/10.3.1/../../../arm-none-eabi/lib/thumb/v7e-m/nofp/libg.a(lib_a-puts.o)
 .debug_info    0x0000000000014416       0x26 /usr/lib/gcc/arm-none-eabi/10.3.1/../../../arm-none-eabi/lib/thumb/v7e-m/nofp/libg.a(lib_a-strlen.o)
 .debug_info    0x000000000001443c     0x1b17 /usr/lib/gcc/arm-none-eabi/10.3.1/../../../arm-none-eabi/lib/thumb/v7e-m/nofp/libg.a(lib_a-vfprintf.o)
 .debug_info    0x0000000000015f53      0x9c2 /usr/lib/gcc/arm-none-eabi/10.3.1/../../../arm-none-eabi/lib/thumb/v7e-m/nofp/libg.a(lib_a-wsetup.o)
 .debug_info    0x0000000000016915      0x9b0 /usr/lib/gcc/arm-none-eabi/10.3.1/../../../arm-none-eabi/lib/thumb/v7e-m/nofp/libg.a(lib_a-__atexit.o)
 .debug_info    0x00000000000172c5      0xa3d /usr/lib/gcc/arm-none-eabi/10.3.1/../../../arm-none-eabi/lib/thumb/v7e-m/nofp/libg.a(lib_a-__call_atexit.o)
 .debug_info    0x0000000000017d02     0x1a58 /usr/lib/gcc/arm-none-eabi/10.3.1/../../../arm-none-eabi/lib/thumb/v7e-m/nofp/libg.a(lib_a-dtoa.o)
 .debug_info    0x000000000001975a      0xbe0 /usr/lib/gcc/arm-none-eabi/10.3.1/../../../arm-none-eabi/lib/thumb/v7e-m/nofp/libg.a(lib_a-fflush.o)
 .debug_info    0x000000000001a33a      0xf66 /usr/lib/gcc/arm-none-eabi/10.3.1/../../../arm-none-eabi/lib/thumb/v7e-m/nofp/libg.a(lib_a-findfp.o)
 .debug_info    0x000000000001b2a0      0xd10 /usr/lib/gcc/arm-none-eabi/10.3.1/../../../arm-none-eabi/lib/thumb/v7e-m/nofp/libg.a(lib_a-freer.o)
 .debug_info    0x000000000001bfb0      0xcbb /usr/lib/gcc/arm-none-eabi/10.3.1/../../../arm-none-eabi/lib/thumb/v7e-m/nofp/libg.a(lib_a-fvwrite.o)
 .debug_info    0x000000000001cc6b      0xa66 /usr/lib/gcc/arm-none-eabi/10.3.1/../../../arm-none-eabi/lib/thumb/v7e-m/nofp/libg.a(lib_a-fwalk.o)
 .debug_info    0x000000000001d6d1      0xc3e /usr/lib/gcc/arm-none-eabi/10.3.1/../../../arm-none-eabi/lib/thumb/v7e-m/nofp/libg.a(lib_a-localeconv.o)
 .debug_info    0x000000000001e30f      0xdf2 /usr/lib/gcc/arm-none-eabi/10.3.1/../../../arm-none-eabi/lib/thumb/v7e-m/nofp/libg.a(lib_a-makebuf.o)
 .debug_info    0x000000000001f101      0xe95 /usr/lib/gcc/arm-none-eabi/10.3.1/../../../arm-none-eabi/lib/thumb/v7e-m/nofp/libg.a(lib_a-mallocr.o)
 .debug_info    0x000000000001ff96       0x26 /usr/lib/gcc/arm-none-eabi/10.3.1/../../../arm-none-eabi/lib/thumb/v7e-m/nofp/libg.a(lib_a-memchr.o)
 .debug_info    0x000000000001ffbc       0x26 /usr/lib/gcc/arm-none-eabi/10.3.1/../../../arm-none-eabi/lib/thumb/v7e-m/nofp/libg.a(lib_a-memcpy.o)
 .debug_info    0x000000000001ffe2      0x152 /usr/lib/gcc/arm-none-eabi/10.3.1/../../../arm-none-eabi/lib/thumb/v7e-m/nofp/libg.a(lib_a-memmove.o)
 .debug_info    0x0000000000020134      0x942 /usr/lib/gcc/arm-none-eabi/10.3.1/../../../arm-none-eabi/lib/thumb/v7e-m/nofp/libg.a(lib_a-mlock.o)
 .debug_info    0x0000000000020a76     0x20ca /usr/lib/gcc/arm-none-eabi/10.3.1/../../../arm-none-eabi/lib/thumb/v7e-m/nofp/libg.a(lib_a-mprec.o)
 .debug_info    0x0000000000022b40      0xdb4 /usr/lib/gcc/arm-none-eabi/10.3.1/../../../arm-none-eabi/lib/thumb/v7e-m/nofp/libg.a(lib_a-reallocr.o)
 .debug_info    0x00000000000238f4      0x98e /usr/lib/gcc/arm-none-eabi/10.3.1/../../../arm-none-eabi/lib/thumb/v7e-m/nofp/libg.a(lib_a-sbrkr.o)
 .debug_info    0x0000000000024282      0xc22 /usr/lib/gcc/arm-none-eabi/10.3.1/../../../arm-none-eabi/lib/thumb/v7e-m/nofp/libg.a(lib_a-stdio.o)
 .debug_info    0x0000000000024ea4     0x1926 /usr/lib/gcc/arm-none-eabi/10.3.1/../../../arm-none-eabi/lib/thumb/v7e-m/nofp/libg.a(lib_a-vfiprintf.o)
 .debug_info    0x00000000000267ca      0x9c0 /usr/lib/gcc/arm-none-eabi/10.3.1/../../../arm-none-eabi/lib/thumb/v7e-m/nofp/libg.a(lib_a-writer.o)
 .debug_info    0x000000000002718a      0xa23 /usr/lib/gcc/arm-none-eabi/10.3.1/../../../arm-none-eabi/lib/thumb/v7e-m/nofp/libg.a(lib_a-assert.o)
 .debug_info    0x0000000000027bad      0xa81 /usr/lib/gcc/arm-none-eabi/10.3.1/../../../arm-none-eabi/lib/thumb/v7e-m/nofp/libg.a(lib_a-callocr.o)
 .debug_info    0x000000000002862e      0x96b /usr/lib/gcc/arm-none-eabi/10.3.1/../../../arm-none-eabi/lib/thumb/v7e-m/nofp/libg.a(lib_a-closer.o)
 .debug_info    0x0000000000028f99      0xb4a /usr/lib/gcc/arm-none-eabi/10.3.1/../../../arm-none-eabi/lib/thumb/v7e-m/nofp/libg.a(lib_a-fclose.o)
 .debug_info    0x0000000000029ae3      0xa5f /usr/lib/gcc/arm-none-eabi/10.3.1/../../../arm-none-eabi/lib/thumb/v7e-m/nofp/libg.a(lib_a-fiprintf.o)
 .debug_info    0x000000000002a542      0xc19 /usr/lib/gcc/arm-none-eabi/10.3.1/../../../arm-none-eabi/lib/thumb/v7e-m/nofp/libg.a(lib_a-fputwc.o)
 .debug_info    0x000000000002b15b      0xb83 /usr/lib/gcc/arm-none-eabi/10.3.1/../../../arm-none-eabi/lib/thumb/v7e-m/nofp/libg.a(lib_a-fstatr.o)
 .debug_info    0x000000000002bcde      0x96b /usr/lib/gcc/arm-none-eabi/10.3.1/../../../arm-none-eabi/lib/thumb/v7e-m/nofp/libg.a(lib_a-isattyr.o)
 .debug_info    0x000000000002c649      0xe0a /usr/lib/gcc/arm-none-eabi/10.3.1/../../../arm-none-eabi/lib/thumb/v7e-m/nofp/libg.a(lib_a-locale.o)
 .debug_info    0x000000000002d453      0x9a1 /usr/lib/gcc/arm-none-eabi/10.3.1/../../../arm-none-eabi/lib/thumb/v7e-m/nofp/libg.a(lib_a-lseekr.o)
 .debug_info    0x000000000002ddf4      0xccd /usr/lib/gcc/arm-none-eabi/10.3.1/../../../arm-none-eabi/lib/thumb/v7e-m/nofp/libg.a(lib_a-mbtowc_r.o)
 .debug_info    0x000000000002eac1      0x9b9 /usr/lib/gcc/arm-none-eabi/10.3.1/../../../arm-none-eabi/lib/thumb/v7e-m/nofp/libg.a(lib_a-readr.o)
 .debug_info    0x000000000002f47a      0xbda /usr/lib/gcc/arm-none-eabi/10.3.1/../../../arm-none-eabi/lib/thumb/v7e-m/nofp/libg.a(lib_a-reent.o)
 .debug_info    0x0000000000030054       0x26 /usr/lib/gcc/arm-none-eabi/10.3.1/../../../arm-none-eabi/lib/thumb/v7e-m/nofp/libg.a(lib_a-strcmp.o)
 .debug_info    0x000000000003007a      0xa5f /usr/lib/gcc/arm-none-eabi/10.3.1/../../../arm-none-eabi/lib/thumb/v7e-m/nofp/libg.a(lib_a-wbuf.o)
 .debug_info    0x0000000000030ad9      0xd4f /usr/lib/gcc/arm-none-eabi/10.3.1/../../../arm-none-eabi/lib/thumb/v7e-m/nofp/libg.a(lib_a-wcrtomb.o)
 .debug_info    0x0000000000031828      0xc86 /usr/lib/gcc/arm-none-eabi/10.3.1/../../../arm-none-eabi/lib/thumb/v7e-m/nofp/libg.a(lib_a-wctomb_r.o)
 .debug_info    0x00000000000324ae       0xcb /usr/lib/gcc/arm-none-eabi/10.3.1/../../../arm-none-eabi/lib/thumb/v7e-m/nofp/libg.a(lib_a-abort.o)
 .debug_info    0x0000000000032579       0xb8 /usr/lib/gcc/arm-none-eabi/10.3.1/../../../arm-none-eabi/lib/thumb/v7e-m/nofp/libg.a(lib_a-ctype_.o)
 .debug_info    0x0000000000032631      0xf32 /usr/lib/gcc/arm-none-eabi/10.3.1/../../../arm-none-eabi/lib/thumb/v7e-m/nofp/libg.a(lib_a-signal.o)
 .debug_info    0x0000000000033563      0x9d7 /usr/lib/gcc/arm-none-eabi/10.3.1/../../../arm-none-eabi/lib/thumb/v7e-m/nofp/libg.a(lib_a-signalr.o)
 .debug_info    0x0000000000033f3a       0x26 /usr/lib/gcc/arm-none-eabi/10.3.1/thumb/v7e-m/nofp/libgcc.a(_arm_addsubdf3.o)
 .debug_info    0x0000000000033f60       0x26 /usr/lib/gcc/arm-none-eabi/10.3.1/thumb/v7e-m/nofp/libgcc.a(_arm_muldivdf3.o)
 .debug_info    0x0000000000033f86       0x26 /usr/lib/gcc/arm-none-eabi/10.3.1/thumb/v7e-m/nofp/libgcc.a(_arm_cmpdf2.o)
 .debug_info    0x0000000000033fac       0x26 /usr/lib/gcc/arm-none-eabi/10.3.1/thumb/v7e-m/nofp/libgcc.a(_arm_unorddf2.o)
 .debug_info    0x0000000000033fd2       0x26 /usr/lib/gcc/arm-none-eabi/10.3.1/thumb/v7e-m/nofp/libgcc.a(_arm_fixdfsi.o)

.debug_abbrev   0x0000000000000000     0x94e8
 .debug_abbrev  0x0000000000000000      0x16a CMakeFiles/FlowerLEDs.elf.dir/Core/Src/gpio.c.obj
 .debug_abbrev  0x000000000000016a      0x249 CMakeFiles/FlowerLEDs.elf.dir/Core/Src/main.c.obj
 .debug_abbrev  0x00000000000003b3       0xd1 CMakeFiles/FlowerLEDs.elf.dir/Core/Src/stm32f4xx_hal_msp.c.obj
 .debug_abbrev  0x0000000000000484      0x1d0 CMakeFiles/FlowerLEDs.elf.dir/Core/Src/stm32f4xx_it.c.obj
 .debug_abbrev  0x0000000000000654      0x1a3 CMakeFiles/FlowerLEDs.elf.dir/Core/Src/syscalls.c.obj
 .debug_abbrev  0x00000000000007f7       0xe7 CMakeFiles/FlowerLEDs.elf.dir/Core/Src/sysmem.c.obj
 .debug_abbrev  0x00000000000008de      0x119 CMakeFiles/FlowerLEDs.elf.dir/Core/Src/system_stm32f4xx.c.obj
 .debug_abbrev  0x00000000000009f7      0x241 CMakeFiles/FlowerLEDs.elf.dir/Core/Src/tim.c.obj
 .debug_abbrev  0x0000000000000c38      0x20c CMakeFiles/FlowerLEDs.elf.dir/Core/Src/usart.c.obj
 .debug_abbrev  0x0000000000000e44       0x12 CMakeFiles/FlowerLEDs.elf.dir/Core/Startup/startup_stm32f401ccux.s.obj
 .debug_abbrev  0x0000000000000e56      0x237 CMakeFiles/FlowerLEDs.elf.dir/Drivers/STM32F4xx_HAL_Driver/Src/stm32f4xx_hal.c.obj
 .debug_abbrev  0x000000000000108d      0x36a CMakeFiles/FlowerLEDs.elf.dir/Drivers/STM32F4xx_HAL_Driver/Src/stm32f4xx_hal_cortex.c.obj
 .debug_abbrev  0x00000000000013f7      0x1ef CMakeFiles/FlowerLEDs.elf.dir/Drivers/STM32F4xx_HAL_Driver/Src/stm32f4xx_hal_gpio.c.obj
 .debug_abbrev  0x00000000000015e6      0x28a CMakeFiles/FlowerLEDs.elf.dir/Drivers/STM32F4xx_HAL_Driver/Src/stm32f4xx_hal_rcc.c.obj
 .debug_abbrev  0x0000000000001870      0x23c CMakeFiles/FlowerLEDs.elf.dir/Drivers/STM32F4xx_HAL_Driver/Src/stm32f4xx_hal_tim.c.obj
 .debug_abbrev  0x0000000000001aac      0x252 CMakeFiles/FlowerLEDs.elf.dir/Drivers/STM32F4xx_HAL_Driver/Src/stm32f4xx_hal_tim_ex.c.obj
 .debug_abbrev  0x0000000000001cfe      0x30e CMakeFiles/FlowerLEDs.elf.dir/Drivers/STM32F4xx_HAL_Driver/Src/stm32f4xx_hal_uart.c.obj
 .debug_abbrev  0x000000000000200c       0x14 /usr/lib/gcc/arm-none-eabi/10.3.1/thumb/v7e-m/nofp/libgcc.a(_aeabi_uldivmod.o)
 .debug_abbrev  0x0000000000002020      0x163 /usr/lib/gcc/arm-none-eabi/10.3.1/thumb/v7e-m/nofp/libgcc.a(_udivmoddi4.o)
 .debug_abbrev  0x0000000000002183       0x14 /usr/lib/gcc/arm-none-eabi/10.3.1/thumb/v7e-m/nofp/libgcc.a(_dvmd_tls.o)
 .debug_abbrev  0x0000000000002197       0xb7 /usr/lib/gcc/arm-none-eabi/10.3.1/../../../arm-none-eabi/lib/thumb/v7e-m/nofp/libg.a(lib_a-atexit.o)
 .debug_abbrev  0x000000000000224e      0x1be /usr/lib/gcc/arm-none-eabi/10.3.1/../../../arm-none-eabi/lib/thumb/v7e-m/nofp/libg.a(lib_a-errno.o)
 .debug_abbrev  0x000000000000240c       0xcf /usr/lib/gcc/arm-none-eabi/10.3.1/../../../arm-none-eabi/lib/thumb/v7e-m/nofp/libg.a(lib_a-fini.o)
 .debug_abbrev  0x00000000000024db      0x1b8 /usr/lib/gcc/arm-none-eabi/10.3.1/../../../arm-none-eabi/lib/thumb/v7e-m/nofp/libg.a(lib_a-impure.o)
 .debug_abbrev  0x0000000000002693       0xcc /usr/lib/gcc/arm-none-eabi/10.3.1/../../../arm-none-eabi/lib/thumb/v7e-m/nofp/libg.a(lib_a-init.o)
 .debug_abbrev  0x000000000000275f       0xb4 /usr/lib/gcc/arm-none-eabi/10.3.1/../../../arm-none-eabi/lib/thumb/v7e-m/nofp/libg.a(lib_a-memset.o)
 .debug_abbrev  0x0000000000002813      0x27a /usr/lib/gcc/arm-none-eabi/10.3.1/../../../arm-none-eabi/lib/thumb/v7e-m/nofp/libg.a(lib_a-printf.o)
 .debug_abbrev  0x0000000000002a8d      0x28d /usr/lib/gcc/arm-none-eabi/10.3.1/../../../arm-none-eabi/lib/thumb/v7e-m/nofp/libg.a(lib_a-puts.o)
 .debug_abbrev  0x0000000000002d1a       0x14 /usr/lib/gcc/arm-none-eabi/10.3.1/../../../arm-none-eabi/lib/thumb/v7e-m/nofp/libg.a(lib_a-strlen.o)
 .debug_abbrev  0x0000000000002d2e      0x44f /usr/lib/gcc/arm-none-eabi/10.3.1/../../../arm-none-eabi/lib/thumb/v7e-m/nofp/libg.a(lib_a-vfprintf.o)
 .debug_abbrev  0x000000000000317d      0x246 /usr/lib/gcc/arm-none-eabi/10.3.1/../../../arm-none-eabi/lib/thumb/v7e-m/nofp/libg.a(lib_a-wsetup.o)
 .debug_abbrev  0x00000000000033c3      0x23f /usr/lib/gcc/arm-none-eabi/10.3.1/../../../arm-none-eabi/lib/thumb/v7e-m/nofp/libg.a(lib_a-__atexit.o)